17:56:01 **** Build of project standalone_bsp_0 ****
make -k all 
"Running Make include in ps7_cortexa9_0/libsrc/coresightps_dcc_v1_4/src"
make -C ps7_cortexa9_0/libsrc/coresightps_dcc_v1_4/src -s include  "SHELL=CMD" "COMPILER=arm-none-eabi-gcc" "ARCHIVER=arm-none-eabi-ar" "COMPILER_FLAGS=  -O2 -c" "EXTRA_COMPILER_FLAGS=-mcpu=cortex-a9 -mfpu=vfpv3 -mfloat-abi=hard -nostartfiles -Wall -Wextra"
"Running Make include in ps7_cortexa9_0/libsrc/cpu_cortexa9_v2_4/src"
make -C ps7_cortexa9_0/libsrc/cpu_cortexa9_v2_4/src -s include  "SHELL=CMD" "COMPILER=arm-none-eabi-gcc" "ARCHIVER=arm-none-eabi-ar" "COMPILER_FLAGS=  -O2 -c" "EXTRA_COMPILER_FLAGS=-mcpu=cortex-a9 -mfpu=vfpv3 -mfloat-abi=hard -nostartfiles -Wall -Wextra"
"Running Make include in ps7_cortexa9_0/libsrc/ddrps_v1_0/src"
make -C ps7_cortexa9_0/libsrc/ddrps_v1_0/src -s include  "SHELL=CMD" "COMPILER=arm-none-eabi-gcc" "ARCHIVER=arm-none-eabi-ar" "COMPILER_FLAGS=  -O2 -c" "EXTRA_COMPILER_FLAGS=-mcpu=cortex-a9 -mfpu=vfpv3 -mfloat-abi=hard -nostartfiles -Wall -Wextra"
"Running Make include in ps7_cortexa9_0/libsrc/devcfg_v3_4/src"
make -C ps7_cortexa9_0/libsrc/devcfg_v3_4/src -s include  "SHELL=CMD" "COMPILER=arm-none-eabi-gcc" "ARCHIVER=arm-none-eabi-ar" "COMPILER_FLAGS=  -O2 -c" "EXTRA_COMPILER_FLAGS=-mcpu=cortex-a9 -mfpu=vfpv3 -mfloat-abi=hard -nostartfiles -Wall -Wextra"
"Running Make include in ps7_cortexa9_0/libsrc/dmaps_v2_3/src"
make -C ps7_cortexa9_0/libsrc/dmaps_v2_3/src -s include  "SHELL=CMD" "COMPILER=arm-none-eabi-gcc" "ARCHIVER=arm-none-eabi-ar" "COMPILER_FLAGS=  -O2 -c" "EXTRA_COMPILER_FLAGS=-mcpu=cortex-a9 -mfpu=vfpv3 -mfloat-abi=hard -nostartfiles -Wall -Wextra"
"Running Make include in ps7_cortexa9_0/libsrc/gpio_v4_3/src"
make -C ps7_cortexa9_0/libsrc/gpio_v4_3/src -s include  "SHELL=CMD" "COMPILER=arm-none-eabi-gcc" "ARCHIVER=arm-none-eabi-ar" "COMPILER_FLAGS=  -O2 -c" "EXTRA_COMPILER_FLAGS=-mcpu=cortex-a9 -mfpu=vfpv3 -mfloat-abi=hard -nostartfiles -Wall -Wextra"
"Running Make include in ps7_cortexa9_0/libsrc/gpiops_v3_3/src"
make -C ps7_cortexa9_0/libsrc/gpiops_v3_3/src -s include  "SHELL=CMD" "COMPILER=arm-none-eabi-gcc" "ARCHIVER=arm-none-eabi-ar" "COMPILER_FLAGS=  -O2 -c" "EXTRA_COMPILER_FLAGS=-mcpu=cortex-a9 -mfpu=vfpv3 -mfloat-abi=hard -nostartfiles -Wall -Wextra"
"Running Make include in ps7_cortexa9_0/libsrc/qspips_v3_3/src"
make -C ps7_cortexa9_0/libsrc/qspips_v3_3/src -s include  "SHELL=CMD" "COMPILER=arm-none-eabi-gcc" "ARCHIVER=arm-none-eabi-ar" "COMPILER_FLAGS=  -O2 -c" "EXTRA_COMPILER_FLAGS=-mcpu=cortex-a9 -mfpu=vfpv3 -mfloat-abi=hard -nostartfiles -Wall -Wextra"
"Running Make include in ps7_cortexa9_0/libsrc/scugic_v3_7/src"
make -C ps7_cortexa9_0/libsrc/scugic_v3_7/src -s include  "SHELL=CMD" "COMPILER=arm-none-eabi-gcc" "ARCHIVER=arm-none-eabi-ar" "COMPILER_FLAGS=  -O2 -c" "EXTRA_COMPILER_FLAGS=-mcpu=cortex-a9 -mfpu=vfpv3 -mfloat-abi=hard -nostartfiles -Wall -Wextra"
"Running Make include in ps7_cortexa9_0/libsrc/scutimer_v2_1/src"
make -C ps7_cortexa9_0/libsrc/scutimer_v2_1/src -s include  "SHELL=CMD" "COMPILER=arm-none-eabi-gcc" "ARCHIVER=arm-none-eabi-ar" "COMPILER_FLAGS=  -O2 -c" "EXTRA_COMPILER_FLAGS=-mcpu=cortex-a9 -mfpu=vfpv3 -mfloat-abi=hard -nostartfiles -Wall -Wextra"
"Running Make include in ps7_cortexa9_0/libsrc/scuwdt_v2_1/src"
make -C ps7_cortexa9_0/libsrc/scuwdt_v2_1/src -s include  "SHELL=CMD" "COMPILER=arm-none-eabi-gcc" "ARCHIVER=arm-none-eabi-ar" "COMPILER_FLAGS=  -O2 -c" "EXTRA_COMPILER_FLAGS=-mcpu=cortex-a9 -mfpu=vfpv3 -mfloat-abi=hard -nostartfiles -Wall -Wextra"
"Running Make include in ps7_cortexa9_0/libsrc/standalone_v6_3/src"
make -C ps7_cortexa9_0/libsrc/standalone_v6_3/src -s include  "SHELL=CMD" "COMPILER=arm-none-eabi-gcc" "ARCHIVER=arm-none-eabi-ar" "COMPILER_FLAGS=  -O2 -c" "EXTRA_COMPILER_FLAGS=-mcpu=cortex-a9 -mfpu=vfpv3 -mfloat-abi=hard -nostartfiles -Wall -Wextra"
"Running Make include in ps7_cortexa9_0/libsrc/uartps_v3_4/src"
make -C ps7_cortexa9_0/libsrc/uartps_v3_4/src -s include  "SHELL=CMD" "COMPILER=arm-none-eabi-gcc" "ARCHIVER=arm-none-eabi-ar" "COMPILER_FLAGS=  -O2 -c" "EXTRA_COMPILER_FLAGS=-mcpu=cortex-a9 -mfpu=vfpv3 -mfloat-abi=hard -nostartfiles -Wall -Wextra"
"Running Make include in ps7_cortexa9_0/libsrc/xadcps_v2_2/src"
make -C ps7_cortexa9_0/libsrc/xadcps_v2_2/src -s include  "SHELL=CMD" "COMPILER=arm-none-eabi-gcc" "ARCHIVER=arm-none-eabi-ar" "COMPILER_FLAGS=  -O2 -c" "EXTRA_COMPILER_FLAGS=-mcpu=cortex-a9 -mfpu=vfpv3 -mfloat-abi=hard -nostartfiles -Wall -Wextra"
"Running Make libs in ps7_cortexa9_0/libsrc/coresightps_dcc_v1_4/src"
make -C ps7_cortexa9_0/libsrc/coresightps_dcc_v1_4/src -s libs  "SHELL=CMD" "COMPILER=arm-none-eabi-gcc" "ARCHIVER=arm-none-eabi-ar" "COMPILER_FLAGS=  -O2 -c" "EXTRA_COMPILER_FLAGS=-mcpu=cortex-a9 -mfpu=vfpv3 -mfloat-abi=hard -nostartfiles -Wall -Wextra"
"Compiling coresightps_dcc"
arm-none-eabi-ar: creating ../../../lib/libxil.a
"Running Make libs in ps7_cortexa9_0/libsrc/cpu_cortexa9_v2_4/src"
make -C ps7_cortexa9_0/libsrc/cpu_cortexa9_v2_4/src -s libs  "SHELL=CMD" "COMPILER=arm-none-eabi-gcc" "ARCHIVER=arm-none-eabi-ar" "COMPILER_FLAGS=  -O2 -c" "EXTRA_COMPILER_FLAGS=-mcpu=cortex-a9 -mfpu=vfpv3 -mfloat-abi=hard -nostartfiles -Wall -Wextra"
"Compiling cpu_cortexa9"
"Running Make libs in ps7_cortexa9_0/libsrc/ddrps_v1_0/src"
make -C ps7_cortexa9_0/libsrc/ddrps_v1_0/src -s libs  "SHELL=CMD" "COMPILER=arm-none-eabi-gcc" "ARCHIVER=arm-none-eabi-ar" "COMPILER_FLAGS=  -O2 -c" "EXTRA_COMPILER_FLAGS=-mcpu=cortex-a9 -mfpu=vfpv3 -mfloat-abi=hard -nostartfiles -Wall -Wextra"
"Compiling ddrps"
"Running Make libs in ps7_cortexa9_0/libsrc/devcfg_v3_4/src"
make -C ps7_cortexa9_0/libsrc/devcfg_v3_4/src -s libs  "SHELL=CMD" "COMPILER=arm-none-eabi-gcc" "ARCHIVER=arm-none-eabi-ar" "COMPILER_FLAGS=  -O2 -c" "EXTRA_COMPILER_FLAGS=-mcpu=cortex-a9 -mfpu=vfpv3 -mfloat-abi=hard -nostartfiles -Wall -Wextra"
"Compiling devcfg"
"Running Make libs in ps7_cortexa9_0/libsrc/dmaps_v2_3/src"
make -C ps7_cortexa9_0/libsrc/dmaps_v2_3/src -s libs  "SHELL=CMD" "COMPILER=arm-none-eabi-gcc" "ARCHIVER=arm-none-eabi-ar" "COMPILER_FLAGS=  -O2 -c" "EXTRA_COMPILER_FLAGS=-mcpu=cortex-a9 -mfpu=vfpv3 -mfloat-abi=hard -nostartfiles -Wall -Wextra"
"Compiling dmaps"
"Running Make libs in ps7_cortexa9_0/libsrc/gpio_v4_3/src"
make -C ps7_cortexa9_0/libsrc/gpio_v4_3/src -s libs  "SHELL=CMD" "COMPILER=arm-none-eabi-gcc" "ARCHIVER=arm-none-eabi-ar" "COMPILER_FLAGS=  -O2 -c" "EXTRA_COMPILER_FLAGS=-mcpu=cortex-a9 -mfpu=vfpv3 -mfloat-abi=hard -nostartfiles -Wall -Wextra"
"Compiling gpio"
"Running Make libs in ps7_cortexa9_0/libsrc/gpiops_v3_3/src"
make -C ps7_cortexa9_0/libsrc/gpiops_v3_3/src -s libs  "SHELL=CMD" "COMPILER=arm-none-eabi-gcc" "ARCHIVER=arm-none-eabi-ar" "COMPILER_FLAGS=  -O2 -c" "EXTRA_COMPILER_FLAGS=-mcpu=cortex-a9 -mfpu=vfpv3 -mfloat-abi=hard -nostartfiles -Wall -Wextra"
"Compiling gpiops"
"Running Make libs in ps7_cortexa9_0/libsrc/qspips_v3_3/src"
make -C ps7_cortexa9_0/libsrc/qspips_v3_3/src -s libs  "SHELL=CMD" "COMPILER=arm-none-eabi-gcc" "ARCHIVER=arm-none-eabi-ar" "COMPILER_FLAGS=  -O2 -c" "EXTRA_COMPILER_FLAGS=-mcpu=cortex-a9 -mfpu=vfpv3 -mfloat-abi=hard -nostartfiles -Wall -Wextra"
"Compiling qspips"
"Running Make libs in ps7_cortexa9_0/libsrc/scugic_v3_7/src"
make -C ps7_cortexa9_0/libsrc/scugic_v3_7/src -s libs  "SHELL=CMD" "COMPILER=arm-none-eabi-gcc" "ARCHIVER=arm-none-eabi-ar" "COMPILER_FLAGS=  -O2 -c" "EXTRA_COMPILER_FLAGS=-mcpu=cortex-a9 -mfpu=vfpv3 -mfloat-abi=hard -nostartfiles -Wall -Wextra"
"Compiling scugic"
xscugic_g.c:53:2: warning: missing initializer for field 'HandlerTable' of 'XScuGic_Config {aka struct <anonymous>}' [-Wmissing-field-initializers]
  }
  ^
In file included from xscugic_g.c:41:0:
xscugic.h:218:27: note: 'HandlerTable' declared here
  XScuGic_VectorTableEntry HandlerTable[XSCUGIC_MAX_NUM_INTR_INPUTS];/**<
                           ^~~~~~~~~~~~
"Running Make libs in ps7_cortexa9_0/libsrc/scutimer_v2_1/src"
make -C ps7_cortexa9_0/libsrc/scutimer_v2_1/src -s libs  "SHELL=CMD" "COMPILER=arm-none-eabi-gcc" "ARCHIVER=arm-none-eabi-ar" "COMPILER_FLAGS=  -O2 -c" "EXTRA_COMPILER_FLAGS=-mcpu=cortex-a9 -mfpu=vfpv3 -mfloat-abi=hard -nostartfiles -Wall -Wextra"
"Compiling scutimer"
"Running Make libs in ps7_cortexa9_0/libsrc/scuwdt_v2_1/src"
make -C ps7_cortexa9_0/libsrc/scuwdt_v2_1/src -s libs  "SHELL=CMD" "COMPILER=arm-none-eabi-gcc" "ARCHIVER=arm-none-eabi-ar" "COMPILER_FLAGS=  -O2 -c" "EXTRA_COMPILER_FLAGS=-mcpu=cortex-a9 -mfpu=vfpv3 -mfloat-abi=hard -nostartfiles -Wall -Wextra"
"Compiling scuwdt"
"Running Make libs in ps7_cortexa9_0/libsrc/standalone_v6_3/src"
make -C ps7_cortexa9_0/libsrc/standalone_v6_3/src -s libs  "SHELL=CMD" "COMPILER=arm-none-eabi-gcc" "ARCHIVER=arm-none-eabi-ar" "COMPILER_FLAGS=  -O2 -c" "EXTRA_COMPILER_FLAGS=-mcpu=cortex-a9 -mfpu=vfpv3 -mfloat-abi=hard -nostartfiles -Wall -Wextra"
"Compiling standalone"
"Running Make libs in ps7_cortexa9_0/libsrc/uartps_v3_4/src"
make -C ps7_cortexa9_0/libsrc/uartps_v3_4/src -s libs  "SHELL=CMD" "COMPILER=arm-none-eabi-gcc" "ARCHIVER=arm-none-eabi-ar" "COMPILER_FLAGS=  -O2 -c" "EXTRA_COMPILER_FLAGS=-mcpu=cortex-a9 -mfpu=vfpv3 -mfloat-abi=hard -nostartfiles -Wall -Wextra"
"Compiling uartps"
"Running Make libs in ps7_cortexa9_0/libsrc/xadcps_v2_2/src"
make -C ps7_cortexa9_0/libsrc/xadcps_v2_2/src -s libs  "SHELL=CMD" "COMPILER=arm-none-eabi-gcc" "ARCHIVER=arm-none-eabi-ar" "COMPILER_FLAGS=  -O2 -c" "EXTRA_COMPILER_FLAGS=-mcpu=cortex-a9 -mfpu=vfpv3 -mfloat-abi=hard -nostartfiles -Wall -Wextra"
"Compiling xadcps"
'Finished building libraries'
17:56:57 **** Build of project lab1_bsp ****
make -k all 
"Running Make include in ps7_cortexa9_0/libsrc/coresightps_dcc_v1_4/src"
make -C ps7_cortexa9_0/libsrc/coresightps_dcc_v1_4/src -s include  "SHELL=CMD" "COMPILER=arm-none-eabi-gcc" "ARCHIVER=arm-none-eabi-ar" "COMPILER_FLAGS=  -O2 -c" "EXTRA_COMPILER_FLAGS=-mcpu=cortex-a9 -mfpu=vfpv3 -mfloat-abi=hard -nostartfiles -Wall -Wextra"
"Running Make include in ps7_cortexa9_0/libsrc/cpu_cortexa9_v2_4/src"
make -C ps7_cortexa9_0/libsrc/cpu_cortexa9_v2_4/src -s include  "SHELL=CMD" "COMPILER=arm-none-eabi-gcc" "ARCHIVER=arm-none-eabi-ar" "COMPILER_FLAGS=  -O2 -c" "EXTRA_COMPILER_FLAGS=-mcpu=cortex-a9 -mfpu=vfpv3 -mfloat-abi=hard -nostartfiles -Wall -Wextra"
"Running Make include in ps7_cortexa9_0/libsrc/ddrps_v1_0/src"
make -C ps7_cortexa9_0/libsrc/ddrps_v1_0/src -s include  "SHELL=CMD" "COMPILER=arm-none-eabi-gcc" "ARCHIVER=arm-none-eabi-ar" "COMPILER_FLAGS=  -O2 -c" "EXTRA_COMPILER_FLAGS=-mcpu=cortex-a9 -mfpu=vfpv3 -mfloat-abi=hard -nostartfiles -Wall -Wextra"
"Running Make include in ps7_cortexa9_0/libsrc/devcfg_v3_4/src"
make -C ps7_cortexa9_0/libsrc/devcfg_v3_4/src -s include  "SHELL=CMD" "COMPILER=arm-none-eabi-gcc" "ARCHIVER=arm-none-eabi-ar" "COMPILER_FLAGS=  -O2 -c" "EXTRA_COMPILER_FLAGS=-mcpu=cortex-a9 -mfpu=vfpv3 -mfloat-abi=hard -nostartfiles -Wall -Wextra"
"Running Make include in ps7_cortexa9_0/libsrc/dmaps_v2_3/src"
make -C ps7_cortexa9_0/libsrc/dmaps_v2_3/src -s include  "SHELL=CMD" "COMPILER=arm-none-eabi-gcc" "ARCHIVER=arm-none-eabi-ar" "COMPILER_FLAGS=  -O2 -c" "EXTRA_COMPILER_FLAGS=-mcpu=cortex-a9 -mfpu=vfpv3 -mfloat-abi=hard -nostartfiles -Wall -Wextra"
"Running Make include in ps7_cortexa9_0/libsrc/gpio_v4_3/src"
make -C ps7_cortexa9_0/libsrc/gpio_v4_3/src -s include  "SHELL=CMD" "COMPILER=arm-none-eabi-gcc" "ARCHIVER=arm-none-eabi-ar" "COMPILER_FLAGS=  -O2 -c" "EXTRA_COMPILER_FLAGS=-mcpu=cortex-a9 -mfpu=vfpv3 -mfloat-abi=hard -nostartfiles -Wall -Wextra"
"Running Make include in ps7_cortexa9_0/libsrc/gpiops_v3_3/src"
make -C ps7_cortexa9_0/libsrc/gpiops_v3_3/src -s include  "SHELL=CMD" "COMPILER=arm-none-eabi-gcc" "ARCHIVER=arm-none-eabi-ar" "COMPILER_FLAGS=  -O2 -c" "EXTRA_COMPILER_FLAGS=-mcpu=cortex-a9 -mfpu=vfpv3 -mfloat-abi=hard -nostartfiles -Wall -Wextra"
"Running Make include in ps7_cortexa9_0/libsrc/qspips_v3_3/src"
make -C ps7_cortexa9_0/libsrc/qspips_v3_3/src -s include  "SHELL=CMD" "COMPILER=arm-none-eabi-gcc" "ARCHIVER=arm-none-eabi-ar" "COMPILER_FLAGS=  -O2 -c" "EXTRA_COMPILER_FLAGS=-mcpu=cortex-a9 -mfpu=vfpv3 -mfloat-abi=hard -nostartfiles -Wall -Wextra"
"Running Make include in ps7_cortexa9_0/libsrc/scugic_v3_7/src"
make -C ps7_cortexa9_0/libsrc/scugic_v3_7/src -s include  "SHELL=CMD" "COMPILER=arm-none-eabi-gcc" "ARCHIVER=arm-none-eabi-ar" "COMPILER_FLAGS=  -O2 -c" "EXTRA_COMPILER_FLAGS=-mcpu=cortex-a9 -mfpu=vfpv3 -mfloat-abi=hard -nostartfiles -Wall -Wextra"
"Running Make include in ps7_cortexa9_0/libsrc/scutimer_v2_1/src"
make -C ps7_cortexa9_0/libsrc/scutimer_v2_1/src -s include  "SHELL=CMD" "COMPILER=arm-none-eabi-gcc" "ARCHIVER=arm-none-eabi-ar" "COMPILER_FLAGS=  -O2 -c" "EXTRA_COMPILER_FLAGS=-mcpu=cortex-a9 -mfpu=vfpv3 -mfloat-abi=hard -nostartfiles -Wall -Wextra"
"Running Make include in ps7_cortexa9_0/libsrc/scuwdt_v2_1/src"
make -C ps7_cortexa9_0/libsrc/scuwdt_v2_1/src -s include  "SHELL=CMD" "COMPILER=arm-none-eabi-gcc" "ARCHIVER=arm-none-eabi-ar" "COMPILER_FLAGS=  -O2 -c" "EXTRA_COMPILER_FLAGS=-mcpu=cortex-a9 -mfpu=vfpv3 -mfloat-abi=hard -nostartfiles -Wall -Wextra"
"Running Make include in ps7_cortexa9_0/libsrc/standalone_v6_3/src"
make -C ps7_cortexa9_0/libsrc/standalone_v6_3/src -s include  "SHELL=CMD" "COMPILER=arm-none-eabi-gcc" "ARCHIVER=arm-none-eabi-ar" "COMPILER_FLAGS=  -O2 -c" "EXTRA_COMPILER_FLAGS=-mcpu=cortex-a9 -mfpu=vfpv3 -mfloat-abi=hard -nostartfiles -Wall -Wextra"
"Running Make include in ps7_cortexa9_0/libsrc/uartps_v3_4/src"
make -C ps7_cortexa9_0/libsrc/uartps_v3_4/src -s include  "SHELL=CMD" "COMPILER=arm-none-eabi-gcc" "ARCHIVER=arm-none-eabi-ar" "COMPILER_FLAGS=  -O2 -c" "EXTRA_COMPILER_FLAGS=-mcpu=cortex-a9 -mfpu=vfpv3 -mfloat-abi=hard -nostartfiles -Wall -Wextra"
"Running Make include in ps7_cortexa9_0/libsrc/xadcps_v2_2/src"
make -C ps7_cortexa9_0/libsrc/xadcps_v2_2/src -s include  "SHELL=CMD" "COMPILER=arm-none-eabi-gcc" "ARCHIVER=arm-none-eabi-ar" "COMPILER_FLAGS=  -O2 -c" "EXTRA_COMPILER_FLAGS=-mcpu=cortex-a9 -mfpu=vfpv3 -mfloat-abi=hard -nostartfiles -Wall -Wextra"
"Running Make libs in ps7_cortexa9_0/libsrc/coresightps_dcc_v1_4/src"
make -C ps7_cortexa9_0/libsrc/coresightps_dcc_v1_4/src -s libs  "SHELL=CMD" "COMPILER=arm-none-eabi-gcc" "ARCHIVER=arm-none-eabi-ar" "COMPILER_FLAGS=  -O2 -c" "EXTRA_COMPILER_FLAGS=-mcpu=cortex-a9 -mfpu=vfpv3 -mfloat-abi=hard -nostartfiles -Wall -Wextra"
"Compiling coresightps_dcc"
arm-none-eabi-ar: creating ../../../lib/libxil.a
"Running Make libs in ps7_cortexa9_0/libsrc/cpu_cortexa9_v2_4/src"
make -C ps7_cortexa9_0/libsrc/cpu_cortexa9_v2_4/src -s libs  "SHELL=CMD" "COMPILER=arm-none-eabi-gcc" "ARCHIVER=arm-none-eabi-ar" "COMPILER_FLAGS=  -O2 -c" "EXTRA_COMPILER_FLAGS=-mcpu=cortex-a9 -mfpu=vfpv3 -mfloat-abi=hard -nostartfiles -Wall -Wextra"
"Compiling cpu_cortexa9"
"Running Make libs in ps7_cortexa9_0/libsrc/ddrps_v1_0/src"
make -C ps7_cortexa9_0/libsrc/ddrps_v1_0/src -s libs  "SHELL=CMD" "COMPILER=arm-none-eabi-gcc" "ARCHIVER=arm-none-eabi-ar" "COMPILER_FLAGS=  -O2 -c" "EXTRA_COMPILER_FLAGS=-mcpu=cortex-a9 -mfpu=vfpv3 -mfloat-abi=hard -nostartfiles -Wall -Wextra"
"Compiling ddrps"
"Running Make libs in ps7_cortexa9_0/libsrc/devcfg_v3_4/src"
make -C ps7_cortexa9_0/libsrc/devcfg_v3_4/src -s libs  "SHELL=CMD" "COMPILER=arm-none-eabi-gcc" "ARCHIVER=arm-none-eabi-ar" "COMPILER_FLAGS=  -O2 -c" "EXTRA_COMPILER_FLAGS=-mcpu=cortex-a9 -mfpu=vfpv3 -mfloat-abi=hard -nostartfiles -Wall -Wextra"
"Compiling devcfg"
"Running Make libs in ps7_cortexa9_0/libsrc/dmaps_v2_3/src"
make -C ps7_cortexa9_0/libsrc/dmaps_v2_3/src -s libs  "SHELL=CMD" "COMPILER=arm-none-eabi-gcc" "ARCHIVER=arm-none-eabi-ar" "COMPILER_FLAGS=  -O2 -c" "EXTRA_COMPILER_FLAGS=-mcpu=cortex-a9 -mfpu=vfpv3 -mfloat-abi=hard -nostartfiles -Wall -Wextra"
"Compiling dmaps"
"Running Make libs in ps7_cortexa9_0/libsrc/gpio_v4_3/src"
make -C ps7_cortexa9_0/libsrc/gpio_v4_3/src -s libs  "SHELL=CMD" "COMPILER=arm-none-eabi-gcc" "ARCHIVER=arm-none-eabi-ar" "COMPILER_FLAGS=  -O2 -c" "EXTRA_COMPILER_FLAGS=-mcpu=cortex-a9 -mfpu=vfpv3 -mfloat-abi=hard -nostartfiles -Wall -Wextra"
"Compiling gpio"
"Running Make libs in ps7_cortexa9_0/libsrc/gpiops_v3_3/src"
make -C ps7_cortexa9_0/libsrc/gpiops_v3_3/src -s libs  "SHELL=CMD" "COMPILER=arm-none-eabi-gcc" "ARCHIVER=arm-none-eabi-ar" "COMPILER_FLAGS=  -O2 -c" "EXTRA_COMPILER_FLAGS=-mcpu=cortex-a9 -mfpu=vfpv3 -mfloat-abi=hard -nostartfiles -Wall -Wextra"
"Compiling gpiops"
"Running Make libs in ps7_cortexa9_0/libsrc/qspips_v3_3/src"
make -C ps7_cortexa9_0/libsrc/qspips_v3_3/src -s libs  "SHELL=CMD" "COMPILER=arm-none-eabi-gcc" "ARCHIVER=arm-none-eabi-ar" "COMPILER_FLAGS=  -O2 -c" "EXTRA_COMPILER_FLAGS=-mcpu=cortex-a9 -mfpu=vfpv3 -mfloat-abi=hard -nostartfiles -Wall -Wextra"
"Compiling qspips"
"Running Make libs in ps7_cortexa9_0/libsrc/scugic_v3_7/src"
make -C ps7_cortexa9_0/libsrc/scugic_v3_7/src -s libs  "SHELL=CMD" "COMPILER=arm-none-eabi-gcc" "ARCHIVER=arm-none-eabi-ar" "COMPILER_FLAGS=  -O2 -c" "EXTRA_COMPILER_FLAGS=-mcpu=cortex-a9 -mfpu=vfpv3 -mfloat-abi=hard -nostartfiles -Wall -Wextra"
"Compiling scugic"
xscugic_g.c:53:2: warning: missing initializer for field 'HandlerTable' of 'XScuGic_Config {aka struct <anonymous>}' [-Wmissing-field-initializers]
  }
  ^
In file included from xscugic_g.c:41:0:
xscugic.h:218:27: note: 'HandlerTable' declared here
  XScuGic_VectorTableEntry HandlerTable[XSCUGIC_MAX_NUM_INTR_INPUTS];/**<
                           ^~~~~~~~~~~~
"Running Make libs in ps7_cortexa9_0/libsrc/scutimer_v2_1/src"
make -C ps7_cortexa9_0/libsrc/scutimer_v2_1/src -s libs  "SHELL=CMD" "COMPILER=arm-none-eabi-gcc" "ARCHIVER=arm-none-eabi-ar" "COMPILER_FLAGS=  -O2 -c" "EXTRA_COMPILER_FLAGS=-mcpu=cortex-a9 -mfpu=vfpv3 -mfloat-abi=hard -nostartfiles -Wall -Wextra"
"Compiling scutimer"
"Running Make libs in ps7_cortexa9_0/libsrc/scuwdt_v2_1/src"
make -C ps7_cortexa9_0/libsrc/scuwdt_v2_1/src -s libs  "SHELL=CMD" "COMPILER=arm-none-eabi-gcc" "ARCHIVER=arm-none-eabi-ar" "COMPILER_FLAGS=  -O2 -c" "EXTRA_COMPILER_FLAGS=-mcpu=cortex-a9 -mfpu=vfpv3 -mfloat-abi=hard -nostartfiles -Wall -Wextra"
"Compiling scuwdt"
"Running Make libs in ps7_cortexa9_0/libsrc/standalone_v6_3/src"
make -C ps7_cortexa9_0/libsrc/standalone_v6_3/src -s libs  "SHELL=CMD" "COMPILER=arm-none-eabi-gcc" "ARCHIVER=arm-none-eabi-ar" "COMPILER_FLAGS=  -O2 -c" "EXTRA_COMPILER_FLAGS=-mcpu=cortex-a9 -mfpu=vfpv3 -mfloat-abi=hard -nostartfiles -Wall -Wextra"
"Compiling standalone"
"Running Make libs in ps7_cortexa9_0/libsrc/uartps_v3_4/src"
make -C ps7_cortexa9_0/libsrc/uartps_v3_4/src -s libs  "SHELL=CMD" "COMPILER=arm-none-eabi-gcc" "ARCHIVER=arm-none-eabi-ar" "COMPILER_FLAGS=  -O2 -c" "EXTRA_COMPILER_FLAGS=-mcpu=cortex-a9 -mfpu=vfpv3 -mfloat-abi=hard -nostartfiles -Wall -Wextra"
"Compiling uartps"
"Running Make libs in ps7_cortexa9_0/libsrc/xadcps_v2_2/src"
make -C ps7_cortexa9_0/libsrc/xadcps_v2_2/src -s libs  "SHELL=CMD" "COMPILER=arm-none-eabi-gcc" "ARCHIVER=arm-none-eabi-ar" "COMPILER_FLAGS=  -O2 -c" "EXTRA_COMPILER_FLAGS=-mcpu=cortex-a9 -mfpu=vfpv3 -mfloat-abi=hard -nostartfiles -Wall -Wextra"
"Compiling xadcps"
'Finished building libraries'

**** Build of configuration Debug for project lab1 ****

Nothing to build for project lab1
17:58:37 **** Auto Build of configuration Debug for project lab1 ****
make pre-build main-build 
a9-linaro-pre-build-step
' '
'Building file: ../src/lab1.c'
'Invoking: ARM v7 gcc compiler'
arm-none-eabi-gcc -Wall -O0 -g3 -c -fmessage-length=0 -MT"src/lab1.o" -mcpu=cortex-a9 -mfpu=vfpv3 -mfloat-abi=hard -I../../lab1_bsp/ps7_cortexa9_0/include -MMD -MP -MF"src/lab1.d" -MT"src/lab1.o" -o "src/lab1.o" "../src/lab1.c"
../src/lab1.c: In function 'main':
../src/lab1.c:59:11: warning: this 'if' clause does not guard... [-Wmisleading-indentation]
           if((sw_check & 0x0f)==0x0F)
           ^~
../src/lab1.c:61:5: note: ...this statement, but the latter is misleadingly indented as if it is guarded by the 'if'
     for (i=0; i<9999999; i++); // delay loop
     ^~~
'Finished building: ../src/lab1.c'
' '
'Building target: lab1.elf'
'Invoking: ARM v7 gcc linker'
arm-none-eabi-gcc -mcpu=cortex-a9 -mfpu=vfpv3 -mfloat-abi=hard -Wl,-build-id=none -specs=Xilinx.spec -Wl,-T -Wl,../src/lscript.ld -L../../lab1_bsp/ps7_cortexa9_0/lib -o "lab1.elf"  ./src/lab1.o   -Wl,--start-group,-lxil,-lgcc,-lc,--end-group
'Finished building target: lab1.elf'
' '
'Invoking: ARM v7 Print Size'
arm-none-eabi-size lab1.elf  |tee "lab1.elf.size"
   text	   data	    bss	    dec	    hex	filename
  30748	   1196	  22616	  54560	   d520	lab1.elf
'Finished building: lab1.elf.size'
' '
18:04:23 **** Incremental Build of configuration Debug for project lab1 ****
make pre-build main-build 
a9-linaro-pre-build-step
' '
make: No se hace nada para `main-build'.
18:06:04 **** Incremental Build of configuration Debug for project lab1 ****
make pre-build main-build 
a9-linaro-pre-build-step
' '
make: No se hace nada para `main-build'.
18:06:57 **** Incremental Build of configuration Debug for project lab1 ****
make pre-build main-build 
a9-linaro-pre-build-step
' '
make: No se hace nada para `main-build'.
18:07:34 **** Incremental Build of configuration Debug for project lab1 ****
make pre-build main-build 
a9-linaro-pre-build-step
' '
make: No se hace nada para `main-build'.
18:23:24 **** Auto Build of configuration Debug for project lab1 ****
make pre-build main-build 
a9-linaro-pre-build-step
' '
'Building file: ../src/fsm.c'
'Invoking: ARM v7 gcc compiler'
arm-none-eabi-gcc -Wall -O0 -g3 -c -fmessage-length=0 -MT"src/fsm.o" -mcpu=cortex-a9 -mfpu=vfpv3 -mfloat-abi=hard -I../../lab1_bsp/ps7_cortexa9_0/include -MMD -MP -MF"src/fsm.d" -MT"src/fsm.o" -o "src/fsm.o" "../src/fsm.c"
../src/fsm.c:10:1: error: conflicting types for 'fsm_new'
 fsm_new (int state, fsm_trans_t* tt)
 ^~~~~~~
In file included from ../src/fsm.c:7:0:
../src/fsm.h:26:8: note: previous declaration of 'fsm_new' was here
 fsm_t* fsm_new (int state, fsm_trans_t* tt, void* user_data);
        ^~~~~~~
make: *** [src/fsm.o] Error 1
18:25:19 **** Auto Build of configuration Debug for project lab1 ****
make pre-build main-build 
a9-linaro-pre-build-step
' '
'Building file: ../src/fsm.c'
'Invoking: ARM v7 gcc compiler'
arm-none-eabi-gcc -Wall -O0 -g3 -c -fmessage-length=0 -MT"src/fsm.o" -mcpu=cortex-a9 -mfpu=vfpv3 -mfloat-abi=hard -I../../lab1_bsp/ps7_cortexa9_0/include -MMD -MP -MF"src/fsm.d" -MT"src/fsm.o" -o "src/fsm.o" "../src/fsm.c"
'Finished building: ../src/fsm.c'
' '
'Building file: ../src/toggle.c'
'Invoking: ARM v7 gcc compiler'
arm-none-eabi-gcc -Wall -O0 -g3 -c -fmessage-length=0 -MT"src/toggle.o" -mcpu=cortex-a9 -mfpu=vfpv3 -mfloat-abi=hard -I../../lab1_bsp/ps7_cortexa9_0/include -MMD -MP -MF"src/toggle.d" -MT"src/toggle.o" -o "src/toggle.o" "../src/toggle.c"
../src/toggle.c: In function 'but_is_off':
../src/toggle.c:40:5: error: unknown type name 'fsm_but_t'
     fsm_but_t* fsm_but = (fsm_but_t*)this;
     ^~~~~~~~~
../src/toggle.c:40:27: error: 'fsm_but_t' undeclared (first use in this function)
     fsm_but_t* fsm_but = (fsm_but_t*)this;
                           ^~~~~~~~~
../src/toggle.c:40:27: note: each undeclared identifier is reported only once for each function it appears in
../src/toggle.c:40:37: error: expected expression before ')' token
     fsm_but_t* fsm_but = (fsm_but_t*)this;
                                     ^
../src/toggle.c:40:16: warning: unused variable 'fsm_but' [-Wunused-variable]
     fsm_but_t* fsm_but = (fsm_but_t*)this;
                ^~~~~~~
../src/toggle.c: In function 'but_is_on':
../src/toggle.c:45:5: error: unknown type name 'fsm_but_t'
     fsm_but_t* fsm_but = (fsm_but_t*)this;
     ^~~~~~~~~
../src/toggle.c:45:27: error: 'fsm_but_t' undeclared (first use in this function)
     fsm_but_t* fsm_but = (fsm_but_t*)this;
                           ^~~~~~~~~
../src/toggle.c:45:37: error: expected expression before ')' token
     fsm_but_t* fsm_but = (fsm_but_t*)this;
                                     ^
../src/toggle.c:45:16: warning: unused variable 'fsm_but' [-Wunused-variable]
     fsm_but_t* fsm_but = (fsm_but_t*)this;
                ^~~~~~~
../src/toggle.c: In function 'but_is_stable':
../src/toggle.c:50:5: error: unknown type name 'fsm_but_t'
     fsm_but_t* fsm_but = (fsm_but_t*)this;
     ^~~~~~~~~
../src/toggle.c:50:27: error: 'fsm_but_t' undeclared (first use in this function)
     fsm_but_t* fsm_but = (fsm_but_t*)this;
                           ^~~~~~~~~
../src/toggle.c:50:37: error: expected expression before ')' token
     fsm_but_t* fsm_but = (fsm_but_t*)this;
                                     ^
../src/toggle.c:50:16: warning: unused variable 'fsm_but' [-Wunused-variable]
     fsm_but_t* fsm_but = (fsm_but_t*)this;
                ^~~~~~~
../src/toggle.c: In function 'but_reset_count':
../src/toggle.c:55:5: error: unknown type name 'fsm_but_t'
     fsm_but_t* fsm_but = (fsm_but_t*)this;
     ^~~~~~~~~
../src/toggle.c:55:27: error: 'fsm_but_t' undeclared (first use in this function)
     fsm_but_t* fsm_but = (fsm_but_t*)this;
                           ^~~~~~~~~
../src/toggle.c:55:37: error: expected expression before ')' token
     fsm_but_t* fsm_but = (fsm_but_t*)this;
                                     ^
../src/toggle.c:55:16: warning: unused variable 'fsm_but' [-Wunused-variable]
     fsm_but_t* fsm_but = (fsm_but_t*)this;
                ^~~~~~~
../src/toggle.c: In function 'but_inc_count':
../src/toggle.c:60:5: error: unknown type name 'fsm_but_t'
     fsm_but_t* fsm_but = (fsm_but_t*)this;
     ^~~~~~~~~
../src/toggle.c:60:27: error: 'fsm_but_t' undeclared (first use in this function)
     fsm_but_t* fsm_but = (fsm_but_t*)this;
                           ^~~~~~~~~
../src/toggle.c:60:37: error: expected expression before ')' token
     fsm_but_t* fsm_but = (fsm_but_t*)this;
                                     ^
../src/toggle.c:60:16: warning: unused variable 'fsm_but' [-Wunused-variable]
     fsm_but_t* fsm_but = (fsm_but_t*)this;
                ^~~~~~~
../src/toggle.c: In function 'but_stable_on':
../src/toggle.c:65:5: error: unknown type name 'fsm_but_t'
     fsm_but_t* fsm_but = (fsm_but_t*)this;
     ^~~~~~~~~
../src/toggle.c:65:27: error: 'fsm_but_t' undeclared (first use in this function)
     fsm_but_t* fsm_but = (fsm_but_t*)this;
                           ^~~~~~~~~
../src/toggle.c:65:37: error: expected expression before ')' token
     fsm_but_t* fsm_but = (fsm_but_t*)this;
                                     ^
../src/toggle.c:65:16: warning: unused variable 'fsm_but' [-Wunused-variable]
     fsm_but_t* fsm_but = (fsm_but_t*)this;
                ^~~~~~~
../src/toggle.c: In function 'but_stable_off':
../src/toggle.c:71:5: error: unknown type name 'fsm_but_t'
     fsm_but_t* fsm_but = (fsm_but_t*)this;
     ^~~~~~~~~
../src/toggle.c:71:27: error: 'fsm_but_t' undeclared (first use in this function)
     fsm_but_t* fsm_but = (fsm_but_t*)this;
                           ^~~~~~~~~
../src/toggle.c:71:37: error: expected expression before ')' token
     fsm_but_t* fsm_but = (fsm_but_t*)this;
                                     ^
../src/toggle.c:71:16: warning: unused variable 'fsm_but' [-Wunused-variable]
     fsm_but_t* fsm_but = (fsm_but_t*)this;
                ^~~~~~~
../src/toggle.c: In function 'main':
../src/toggle.c:96:19: error: expected expression before ',' token
     {NOT_PRESSED, , PRESSED, },
                   ^
../src/toggle.c:97:19: error: expected expression before ',' token
     {NOT_PRESSED, , NOT_PRESSED, },
                   ^
../src/toggle.c:98:19: error: expected expression before ',' token
     {NOT_PRESSED, , NOT_PRESSED, },
                   ^
../src/toggle.c:99:15: error: expected expression before ',' token
     {PRESSED, , NOT_PRESSED, },
               ^
../src/toggle.c:100:15: error: expected expression before ',' token
     {PRESSED, , PRESSED, },
               ^
../src/toggle.c:101:15: error: expected expression before ',' token
     {PRESSED, , PRESSED, },
               ^
../src/toggle.c:106:16: error: expected expression before ',' token
     { LED_OFF, , LED_ON,  },
                ^
../src/toggle.c:106:16: warning: initialization from incompatible pointer type [-Wincompatible-pointer-types]
../src/toggle.c:106:16: note: (near initialization for 'led_tt[0].in')
../src/toggle.c:107:16: error: expected expression before ',' token
     { LED_ON,  , LED_OFF, },
                ^
../src/toggle.c:107:16: warning: initialization from incompatible pointer type [-Wincompatible-pointer-types]
../src/toggle.c:107:16: note: (near initialization for 'led_tt[1].in')
../src/toggle.c:111:3: error: unknown type name 'fsm_but_t'
   fsm_but_t fsm_but;
   ^~~~~~~~~
../src/toggle.c:114:12: warning: passing argument 1 of 'fsm_init' from incompatible pointer type [-Wincompatible-pointer-types]
   fsm_init(&fsm_but, NOT_PRESSED, but_tt);
            ^
In file included from ../src/toggle.c:8:0:
../src/fsm.h:27:6: note: expected 'fsm_t * {aka struct fsm_t *}' but argument is of type 'int *'
 void fsm_init (fsm_t* this, int state, fsm_trans_t* tt);
      ^~~~~~~~
../src/toggle.c:115:12: warning: passing argument 1 of 'fsm_init' from incompatible pointer type [-Wincompatible-pointer-types]
   fsm_init(&fsm_led, LED_OFF, led_tt);
            ^
In file included from ../src/toggle.c:8:0:
../src/fsm.h:27:6: note: expected 'fsm_t * {aka struct fsm_t *}' but argument is of type 'fsm_led_t * {aka struct <anonymous> *}'
 void fsm_init (fsm_t* this, int state, fsm_trans_t* tt);
      ^~~~~~~~
../src/toggle.c:120:10: error: 'fsm_led_t {aka struct <anonymous>}' has no member named 'gpio'; did you mean 'fsm_gpio'?
   fsm_led.gpio.instance = &psGpioInstancePtr;
          ^
../src/toggle.c:120:15: error: '(fsm_trans_t *)&<erroneous-expression>' is a pointer; did you mean to use '->'?
   fsm_led.gpio.instance = &psGpioInstancePtr;
               ^
               ->
../src/toggle.c:120:3: warning: statement with no effect [-Wunused-value]
   fsm_led.gpio.instance = &psGpioInstancePtr;
   ^~~~~~~
../src/toggle.c:121:10: error: 'fsm_led_t {aka struct <anonymous>}' has no member named 'gpio'; did you mean 'fsm_gpio'?
   fsm_led.gpio.pin = 7;
          ^
../src/toggle.c:121:15: error: '(fsm_trans_t *)&<erroneous-expression>' is a pointer; did you mean to use '->'?
   fsm_led.gpio.pin = 7;
               ^
               ->
../src/toggle.c:121:3: warning: statement with no effect [-Wunused-value]
   fsm_led.gpio.pin = 7;
   ^~~~~~~
../src/toggle.c:122:30: error: request for member 'pressed' in something not a structure or union
   fsm_led.pressed = &(fsm_but.pressed);
                              ^
../src/toggle.c:122:19: warning: assignment from incompatible pointer type [-Wincompatible-pointer-types]
   fsm_led.pressed = &(fsm_but.pressed);
                   ^
../src/toggle.c:124:10: error: request for member 'gpio' in something not a structure or union
   fsm_but.gpio.instance = &psGpioInstancePtr;
          ^
../src/toggle.c:124:15: error: '(fsm_trans_t *)&<erroneous-expression>' is a pointer; did you mean to use '->'?
   fsm_but.gpio.instance = &psGpioInstancePtr;
               ^
               ->
../src/toggle.c:124:3: warning: statement with no effect [-Wunused-value]
   fsm_but.gpio.instance = &psGpioInstancePtr;
   ^~~~~~~
../src/toggle.c:125:10: error: request for member 'gpio' in something not a structure or union
   fsm_but.gpio.pin = 54;
          ^
../src/toggle.c:125:15: error: '(fsm_trans_t *)&<erroneous-expression>' is a pointer; did you mean to use '->'?
   fsm_but.gpio.pin = 54;
               ^
               ->
../src/toggle.c:125:3: warning: statement with no effect [-Wunused-value]
   fsm_but.gpio.pin = 54;
   ^~~~~~~
../src/toggle.c:128:11: warning: passing argument 1 of 'led_off' from incompatible pointer type [-Wincompatible-pointer-types]
   led_off(&fsm_led);
           ^
../src/toggle.c:85:6: note: expected 'fsm_t * {aka struct fsm_t *}' but argument is of type 'fsm_led_t * {aka struct <anonymous> *}'
 void led_off (fsm_t* this) {
      ^~~~~~~
../src/toggle.c:129:18: warning: passing argument 1 of 'but_stable_off' from incompatible pointer type [-Wincompatible-pointer-types]
   but_stable_off(&fsm_but);
                  ^
../src/toggle.c:70:6: note: expected 'fsm_t * {aka struct fsm_t *}' but argument is of type 'int *'
 void but_stable_off (fsm_t* this) {
      ^~~~~~~~~~~~~~
../src/toggle.c:132:15: warning: passing argument 1 of 'fsm_fire' from incompatible pointer type [-Wincompatible-pointer-types]
     fsm_fire (&fsm_but);
               ^
In file included from ../src/toggle.c:8:0:
../src/fsm.h:28:6: note: expected 'fsm_t * {aka struct fsm_t *}' but argument is of type 'int *'
 void fsm_fire (fsm_t* this);
      ^~~~~~~~
../src/toggle.c:133:15: warning: passing argument 1 of 'fsm_fire' from incompatible pointer type [-Wincompatible-pointer-types]
     fsm_fire (&fsm_led);
               ^
In file included from ../src/toggle.c:8:0:
../src/fsm.h:28:6: note: expected 'fsm_t * {aka struct fsm_t *}' but argument is of type 'fsm_led_t * {aka struct <anonymous> *}'
 void fsm_fire (fsm_t* this);
      ^~~~~~~~
../src/toggle.c:134:10: error: 'i' undeclared (first use in this function)
     for (i=0; i<9999999; i++); // delay loop => should be done with timer
          ^
../src/toggle.c:134:5: warning: statement with no effect [-Wunused-value]
     for (i=0; i<9999999; i++); // delay loop => should be done with timer
     ^~~
../src/toggle.c:134:16: warning: comparison between pointer and integer
     for (i=0; i<9999999; i++); // delay loop => should be done with timer
                ^
../src/toggle.c:134:27: error: lvalue required as increment operand
     for (i=0; i<9999999; i++); // delay loop => should be done with timer
                           ^~
../src/toggle.c:134:5: warning: statement with no effect [-Wunused-value]
     for (i=0; i<9999999; i++); // delay loop => should be done with timer
     ^~~
../src/toggle.c: In function 'but_is_off':
../src/toggle.c:42:1: warning: control reaches end of non-void function [-Wreturn-type]
 }
 ^
../src/toggle.c: In function 'but_is_on':
../src/toggle.c:47:1: warning: control reaches end of non-void function [-Wreturn-type]
 }
 ^
../src/toggle.c: In function 'but_is_stable':
../src/toggle.c:52:1: warning: control reaches end of non-void function [-Wreturn-type]
 }
 ^
make: *** [src/toggle.o] Error 1
19:13:09 **** Auto Build of configuration Debug for project lab1 ****
make pre-build main-build 
a9-linaro-pre-build-step
' '
'Building file: ../src/toggle.c'
'Invoking: ARM v7 gcc compiler'
arm-none-eabi-gcc -Wall -O0 -g3 -c -fmessage-length=0 -MT"src/toggle.o" -mcpu=cortex-a9 -mfpu=vfpv3 -mfloat-abi=hard -I../../lab1_bsp/ps7_cortexa9_0/include -MMD -MP -MF"src/toggle.d" -MT"src/toggle.o" -o "src/toggle.o" "../src/toggle.c"
../src/toggle.c: In function 'but_is_off':
../src/toggle.c:40:19: warning: unused variable 'fsm_but' [-Wunused-variable]
     fsm_button_t* fsm_but = (fsm_button_t*)this;
                   ^~~~~~~
../src/toggle.c: In function 'but_is_stable':
../src/toggle.c:51:16: warning: unused variable 'fsm_but' [-Wunused-variable]
  fsm_button_t* fsm_but = (fsm_button_t*)this;
                ^~~~~~~
../src/toggle.c: In function 'but_reset_count':
../src/toggle.c:56:5: error: unknown type name 'fsm_but_t'
     fsm_but_t* fsm_but = (fsm_but_t*)this;
     ^~~~~~~~~
../src/toggle.c:56:27: error: 'fsm_but_t' undeclared (first use in this function)
     fsm_but_t* fsm_but = (fsm_but_t*)this;
                           ^~~~~~~~~
../src/toggle.c:56:27: note: each undeclared identifier is reported only once for each function it appears in
../src/toggle.c:56:37: error: expected expression before ')' token
     fsm_but_t* fsm_but = (fsm_but_t*)this;
                                     ^
../src/toggle.c:56:16: warning: unused variable 'fsm_but' [-Wunused-variable]
     fsm_but_t* fsm_but = (fsm_but_t*)this;
                ^~~~~~~
../src/toggle.c: In function 'but_inc_count':
../src/toggle.c:61:5: error: unknown type name 'fsm_but_t'
     fsm_but_t* fsm_but = (fsm_but_t*)this;
     ^~~~~~~~~
../src/toggle.c:61:27: error: 'fsm_but_t' undeclared (first use in this function)
     fsm_but_t* fsm_but = (fsm_but_t*)this;
                           ^~~~~~~~~
../src/toggle.c:61:37: error: expected expression before ')' token
     fsm_but_t* fsm_but = (fsm_but_t*)this;
                                     ^
../src/toggle.c:61:16: warning: unused variable 'fsm_but' [-Wunused-variable]
     fsm_but_t* fsm_but = (fsm_but_t*)this;
                ^~~~~~~
../src/toggle.c: In function 'but_stable_on':
../src/toggle.c:66:5: error: unknown type name 'fsm_but_t'
     fsm_but_t* fsm_but = (fsm_but_t*)this;
     ^~~~~~~~~
../src/toggle.c:66:27: error: 'fsm_but_t' undeclared (first use in this function)
     fsm_but_t* fsm_but = (fsm_but_t*)this;
                           ^~~~~~~~~
../src/toggle.c:66:37: error: expected expression before ')' token
     fsm_but_t* fsm_but = (fsm_but_t*)this;
                                     ^
../src/toggle.c:66:16: warning: unused variable 'fsm_but' [-Wunused-variable]
     fsm_but_t* fsm_but = (fsm_but_t*)this;
                ^~~~~~~
../src/toggle.c: In function 'but_stable_off':
../src/toggle.c:72:5: error: unknown type name 'fsm_but_t'
     fsm_but_t* fsm_but = (fsm_but_t*)this;
     ^~~~~~~~~
../src/toggle.c:72:27: error: 'fsm_but_t' undeclared (first use in this function)
     fsm_but_t* fsm_but = (fsm_but_t*)this;
                           ^~~~~~~~~
../src/toggle.c:72:37: error: expected expression before ')' token
     fsm_but_t* fsm_but = (fsm_but_t*)this;
                                     ^
../src/toggle.c:72:16: warning: unused variable 'fsm_but' [-Wunused-variable]
     fsm_but_t* fsm_but = (fsm_but_t*)this;
                ^~~~~~~
../src/toggle.c: In function 'main':
../src/toggle.c:97:19: error: expected expression before ',' token
     {NOT_PRESSED, , PRESSED, },
                   ^
../src/toggle.c:98:19: error: expected expression before ',' token
     {NOT_PRESSED, , NOT_PRESSED, },
                   ^
../src/toggle.c:99:19: error: expected expression before ',' token
     {NOT_PRESSED, , NOT_PRESSED, },
                   ^
../src/toggle.c:100:15: error: expected expression before ',' token
     {PRESSED, , NOT_PRESSED, },
               ^
../src/toggle.c:101:15: error: expected expression before ',' token
     {PRESSED, , PRESSED, },
               ^
../src/toggle.c:102:15: error: expected expression before ',' token
     {PRESSED, , PRESSED, },
               ^
../src/toggle.c:112:3: error: unknown type name 'fsm_but_t'
   fsm_but_t fsm_but;
   ^~~~~~~~~
../src/toggle.c:115:12: warning: passing argument 1 of 'fsm_init' from incompatible pointer type [-Wincompatible-pointer-types]
   fsm_init(&fsm_but, NOT_PRESSED, but_tt);
            ^
In file included from ../src/toggle.c:8:0:
../src/fsm.h:27:6: note: expected 'fsm_t * {aka struct fsm_t *}' but argument is of type 'int *'
 void fsm_init (fsm_t* this, int state, fsm_trans_t* tt);
      ^~~~~~~~
../src/toggle.c:116:12: warning: passing argument 1 of 'fsm_init' from incompatible pointer type [-Wincompatible-pointer-types]
   fsm_init(&fsm_led, LED_OFF, led_tt);
            ^
In file included from ../src/toggle.c:8:0:
../src/fsm.h:27:6: note: expected 'fsm_t * {aka struct fsm_t *}' but argument is of type 'fsm_led_t * {aka struct <anonymous> *}'
 void fsm_init (fsm_t* this, int state, fsm_trans_t* tt);
      ^~~~~~~~
../src/toggle.c:121:10: error: 'fsm_led_t {aka struct <anonymous>}' has no member named 'gpio'; did you mean 'fsm_gpio'?
   fsm_led.gpio.instance = &psGpioInstancePtr;
          ^
../src/toggle.c:121:15: error: '(fsm_trans_t *)&<erroneous-expression>' is a pointer; did you mean to use '->'?
   fsm_led.gpio.instance = &psGpioInstancePtr;
               ^
               ->
../src/toggle.c:121:3: warning: statement with no effect [-Wunused-value]
   fsm_led.gpio.instance = &psGpioInstancePtr;
   ^~~~~~~
../src/toggle.c:122:10: error: 'fsm_led_t {aka struct <anonymous>}' has no member named 'gpio'; did you mean 'fsm_gpio'?
   fsm_led.gpio.pin = 7;
          ^
../src/toggle.c:122:15: error: '(fsm_trans_t *)&<erroneous-expression>' is a pointer; did you mean to use '->'?
   fsm_led.gpio.pin = 7;
               ^
               ->
../src/toggle.c:122:3: warning: statement with no effect [-Wunused-value]
   fsm_led.gpio.pin = 7;
   ^~~~~~~
../src/toggle.c:123:30: error: request for member 'pressed' in something not a structure or union
   fsm_led.pressed = &(fsm_but.pressed);
                              ^
../src/toggle.c:123:19: warning: assignment from incompatible pointer type [-Wincompatible-pointer-types]
   fsm_led.pressed = &(fsm_but.pressed);
                   ^
../src/toggle.c:125:10: error: request for member 'gpio' in something not a structure or union
   fsm_but.gpio.instance = &psGpioInstancePtr;
          ^
../src/toggle.c:125:15: error: '(fsm_trans_t *)&<erroneous-expression>' is a pointer; did you mean to use '->'?
   fsm_but.gpio.instance = &psGpioInstancePtr;
               ^
               ->
../src/toggle.c:125:3: warning: statement with no effect [-Wunused-value]
   fsm_but.gpio.instance = &psGpioInstancePtr;
   ^~~~~~~
../src/toggle.c:126:10: error: request for member 'gpio' in something not a structure or union
   fsm_but.gpio.pin = 54;
          ^
../src/toggle.c:126:15: error: '(fsm_trans_t *)&<erroneous-expression>' is a pointer; did you mean to use '->'?
   fsm_but.gpio.pin = 54;
               ^
               ->
../src/toggle.c:126:3: warning: statement with no effect [-Wunused-value]
   fsm_but.gpio.pin = 54;
   ^~~~~~~
../src/toggle.c:129:11: warning: passing argument 1 of 'led_off' from incompatible pointer type [-Wincompatible-pointer-types]
   led_off(&fsm_led);
           ^
../src/toggle.c:86:6: note: expected 'fsm_t * {aka struct fsm_t *}' but argument is of type 'fsm_led_t * {aka struct <anonymous> *}'
 void led_off (fsm_t* this) {
      ^~~~~~~
../src/toggle.c:130:18: warning: passing argument 1 of 'but_stable_off' from incompatible pointer type [-Wincompatible-pointer-types]
   but_stable_off(&fsm_but);
                  ^
../src/toggle.c:71:6: note: expected 'fsm_t * {aka struct fsm_t *}' but argument is of type 'int *'
 void but_stable_off (fsm_t* this) {
      ^~~~~~~~~~~~~~
../src/toggle.c:133:15: warning: passing argument 1 of 'fsm_fire' from incompatible pointer type [-Wincompatible-pointer-types]
     fsm_fire (&fsm_but);
               ^
In file included from ../src/toggle.c:8:0:
../src/fsm.h:28:6: note: expected 'fsm_t * {aka struct fsm_t *}' but argument is of type 'int *'
 void fsm_fire (fsm_t* this);
      ^~~~~~~~
../src/toggle.c:134:15: warning: passing argument 1 of 'fsm_fire' from incompatible pointer type [-Wincompatible-pointer-types]
     fsm_fire (&fsm_led);
               ^
In file included from ../src/toggle.c:8:0:
../src/fsm.h:28:6: note: expected 'fsm_t * {aka struct fsm_t *}' but argument is of type 'fsm_led_t * {aka struct <anonymous> *}'
 void fsm_fire (fsm_t* this);
      ^~~~~~~~
../src/toggle.c:135:10: error: 'i' undeclared (first use in this function)
     for (i=0; i<9999999; i++); // delay loop => should be done with timer
          ^
../src/toggle.c:135:5: warning: statement with no effect [-Wunused-value]
     for (i=0; i<9999999; i++); // delay loop => should be done with timer
     ^~~
../src/toggle.c:135:16: warning: comparison between pointer and integer
     for (i=0; i<9999999; i++); // delay loop => should be done with timer
                ^
../src/toggle.c:135:27: error: lvalue required as increment operand
     for (i=0; i<9999999; i++); // delay loop => should be done with timer
                           ^~
../src/toggle.c:135:5: warning: statement with no effect [-Wunused-value]
     for (i=0; i<9999999; i++); // delay loop => should be done with timer
     ^~~
../src/toggle.c: In function 'but_is_off':
../src/toggle.c:42:1: warning: control reaches end of non-void function [-Wreturn-type]
 }
 ^
../src/toggle.c: In function 'but_is_stable':
../src/toggle.c:53:1: warning: control reaches end of non-void function [-Wreturn-type]
 }
 ^
make: *** [src/toggle.o] Error 1
12:54:45 **** Build of project lab1_bsp ****
make -k all 
Running Make include in ps7_cortexa9_0/libsrc/qspips_v3_3/src
make -C ps7_cortexa9_0/libsrc/qspips_v3_3/src -s include  "SHELL=/bin/sh" "COMPILER=arm-none-eabi-gcc" "ARCHIVER=arm-none-eabi-ar" "COMPILER_FLAGS=  -O2 -c" "EXTRA_COMPILER_FLAGS=-mcpu=cortex-a9 -mfpu=vfpv3 -mfloat-abi=hard -nostartfiles -Wall -Wextra"
Running Make include in ps7_cortexa9_0/libsrc/dmaps_v2_3/src
make -C ps7_cortexa9_0/libsrc/dmaps_v2_3/src -s include  "SHELL=/bin/sh" "COMPILER=arm-none-eabi-gcc" "ARCHIVER=arm-none-eabi-ar" "COMPILER_FLAGS=  -O2 -c" "EXTRA_COMPILER_FLAGS=-mcpu=cortex-a9 -mfpu=vfpv3 -mfloat-abi=hard -nostartfiles -Wall -Wextra"
Running Make include in ps7_cortexa9_0/libsrc/ddrps_v1_0/src
make -C ps7_cortexa9_0/libsrc/ddrps_v1_0/src -s include  "SHELL=/bin/sh" "COMPILER=arm-none-eabi-gcc" "ARCHIVER=arm-none-eabi-ar" "COMPILER_FLAGS=  -O2 -c" "EXTRA_COMPILER_FLAGS=-mcpu=cortex-a9 -mfpu=vfpv3 -mfloat-abi=hard -nostartfiles -Wall -Wextra"
Running Make include in ps7_cortexa9_0/libsrc/gpiops_v3_3/src
make -C ps7_cortexa9_0/libsrc/gpiops_v3_3/src -s include  "SHELL=/bin/sh" "COMPILER=arm-none-eabi-gcc" "ARCHIVER=arm-none-eabi-ar" "COMPILER_FLAGS=  -O2 -c" "EXTRA_COMPILER_FLAGS=-mcpu=cortex-a9 -mfpu=vfpv3 -mfloat-abi=hard -nostartfiles -Wall -Wextra"
Running Make include in ps7_cortexa9_0/libsrc/standalone_v6_3/src
make -C ps7_cortexa9_0/libsrc/standalone_v6_3/src -s include  "SHELL=/bin/sh" "COMPILER=arm-none-eabi-gcc" "ARCHIVER=arm-none-eabi-ar" "COMPILER_FLAGS=  -O2 -c" "EXTRA_COMPILER_FLAGS=-mcpu=cortex-a9 -mfpu=vfpv3 -mfloat-abi=hard -nostartfiles -Wall -Wextra"
Running Make include in ps7_cortexa9_0/libsrc/scugic_v3_7/src
make -C ps7_cortexa9_0/libsrc/scugic_v3_7/src -s include  "SHELL=/bin/sh" "COMPILER=arm-none-eabi-gcc" "ARCHIVER=arm-none-eabi-ar" "COMPILER_FLAGS=  -O2 -c" "EXTRA_COMPILER_FLAGS=-mcpu=cortex-a9 -mfpu=vfpv3 -mfloat-abi=hard -nostartfiles -Wall -Wextra"
Running Make include in ps7_cortexa9_0/libsrc/cpu_cortexa9_v2_4/src
make -C ps7_cortexa9_0/libsrc/cpu_cortexa9_v2_4/src -s include  "SHELL=/bin/sh" "COMPILER=arm-none-eabi-gcc" "ARCHIVER=arm-none-eabi-ar" "COMPILER_FLAGS=  -O2 -c" "EXTRA_COMPILER_FLAGS=-mcpu=cortex-a9 -mfpu=vfpv3 -mfloat-abi=hard -nostartfiles -Wall -Wextra"
Running Make include in ps7_cortexa9_0/libsrc/xadcps_v2_2/src
make -C ps7_cortexa9_0/libsrc/xadcps_v2_2/src -s include  "SHELL=/bin/sh" "COMPILER=arm-none-eabi-gcc" "ARCHIVER=arm-none-eabi-ar" "COMPILER_FLAGS=  -O2 -c" "EXTRA_COMPILER_FLAGS=-mcpu=cortex-a9 -mfpu=vfpv3 -mfloat-abi=hard -nostartfiles -Wall -Wextra"
Running Make include in ps7_cortexa9_0/libsrc/devcfg_v3_4/src
make -C ps7_cortexa9_0/libsrc/devcfg_v3_4/src -s include  "SHELL=/bin/sh" "COMPILER=arm-none-eabi-gcc" "ARCHIVER=arm-none-eabi-ar" "COMPILER_FLAGS=  -O2 -c" "EXTRA_COMPILER_FLAGS=-mcpu=cortex-a9 -mfpu=vfpv3 -mfloat-abi=hard -nostartfiles -Wall -Wextra"
Running Make include in ps7_cortexa9_0/libsrc/gpio_v4_3/src
make -C ps7_cortexa9_0/libsrc/gpio_v4_3/src -s include  "SHELL=/bin/sh" "COMPILER=arm-none-eabi-gcc" "ARCHIVER=arm-none-eabi-ar" "COMPILER_FLAGS=  -O2 -c" "EXTRA_COMPILER_FLAGS=-mcpu=cortex-a9 -mfpu=vfpv3 -mfloat-abi=hard -nostartfiles -Wall -Wextra"
Running Make include in ps7_cortexa9_0/libsrc/scuwdt_v2_1/src
make -C ps7_cortexa9_0/libsrc/scuwdt_v2_1/src -s include  "SHELL=/bin/sh" "COMPILER=arm-none-eabi-gcc" "ARCHIVER=arm-none-eabi-ar" "COMPILER_FLAGS=  -O2 -c" "EXTRA_COMPILER_FLAGS=-mcpu=cortex-a9 -mfpu=vfpv3 -mfloat-abi=hard -nostartfiles -Wall -Wextra"
Running Make include in ps7_cortexa9_0/libsrc/uartps_v3_4/src
make -C ps7_cortexa9_0/libsrc/uartps_v3_4/src -s include  "SHELL=/bin/sh" "COMPILER=arm-none-eabi-gcc" "ARCHIVER=arm-none-eabi-ar" "COMPILER_FLAGS=  -O2 -c" "EXTRA_COMPILER_FLAGS=-mcpu=cortex-a9 -mfpu=vfpv3 -mfloat-abi=hard -nostartfiles -Wall -Wextra"
Running Make include in ps7_cortexa9_0/libsrc/coresightps_dcc_v1_4/src
make -C ps7_cortexa9_0/libsrc/coresightps_dcc_v1_4/src -s include  "SHELL=/bin/sh" "COMPILER=arm-none-eabi-gcc" "ARCHIVER=arm-none-eabi-ar" "COMPILER_FLAGS=  -O2 -c" "EXTRA_COMPILER_FLAGS=-mcpu=cortex-a9 -mfpu=vfpv3 -mfloat-abi=hard -nostartfiles -Wall -Wextra"
Running Make include in ps7_cortexa9_0/libsrc/scutimer_v2_1/src
make -C ps7_cortexa9_0/libsrc/scutimer_v2_1/src -s include  "SHELL=/bin/sh" "COMPILER=arm-none-eabi-gcc" "ARCHIVER=arm-none-eabi-ar" "COMPILER_FLAGS=  -O2 -c" "EXTRA_COMPILER_FLAGS=-mcpu=cortex-a9 -mfpu=vfpv3 -mfloat-abi=hard -nostartfiles -Wall -Wextra"
Running Make libs in ps7_cortexa9_0/libsrc/qspips_v3_3/src
make -C ps7_cortexa9_0/libsrc/qspips_v3_3/src -s libs  "SHELL=/bin/sh" "COMPILER=arm-none-eabi-gcc" "ARCHIVER=arm-none-eabi-ar" "COMPILER_FLAGS=  -O2 -c" "EXTRA_COMPILER_FLAGS=-mcpu=cortex-a9 -mfpu=vfpv3 -mfloat-abi=hard -nostartfiles -Wall -Wextra"
Compiling qspips
Running Make libs in ps7_cortexa9_0/libsrc/dmaps_v2_3/src
make -C ps7_cortexa9_0/libsrc/dmaps_v2_3/src -s libs  "SHELL=/bin/sh" "COMPILER=arm-none-eabi-gcc" "ARCHIVER=arm-none-eabi-ar" "COMPILER_FLAGS=  -O2 -c" "EXTRA_COMPILER_FLAGS=-mcpu=cortex-a9 -mfpu=vfpv3 -mfloat-abi=hard -nostartfiles -Wall -Wextra"
Compiling dmaps
Running Make libs in ps7_cortexa9_0/libsrc/ddrps_v1_0/src
make -C ps7_cortexa9_0/libsrc/ddrps_v1_0/src -s libs  "SHELL=/bin/sh" "COMPILER=arm-none-eabi-gcc" "ARCHIVER=arm-none-eabi-ar" "COMPILER_FLAGS=  -O2 -c" "EXTRA_COMPILER_FLAGS=-mcpu=cortex-a9 -mfpu=vfpv3 -mfloat-abi=hard -nostartfiles -Wall -Wextra"
Compiling ddrps
Running Make libs in ps7_cortexa9_0/libsrc/gpiops_v3_3/src
make -C ps7_cortexa9_0/libsrc/gpiops_v3_3/src -s libs  "SHELL=/bin/sh" "COMPILER=arm-none-eabi-gcc" "ARCHIVER=arm-none-eabi-ar" "COMPILER_FLAGS=  -O2 -c" "EXTRA_COMPILER_FLAGS=-mcpu=cortex-a9 -mfpu=vfpv3 -mfloat-abi=hard -nostartfiles -Wall -Wextra"
Compiling gpiops
Running Make libs in ps7_cortexa9_0/libsrc/standalone_v6_3/src
make -C ps7_cortexa9_0/libsrc/standalone_v6_3/src -s libs  "SHELL=/bin/sh" "COMPILER=arm-none-eabi-gcc" "ARCHIVER=arm-none-eabi-ar" "COMPILER_FLAGS=  -O2 -c" "EXTRA_COMPILER_FLAGS=-mcpu=cortex-a9 -mfpu=vfpv3 -mfloat-abi=hard -nostartfiles -Wall -Wextra"
Compiling standalone
Running Make libs in ps7_cortexa9_0/libsrc/scugic_v3_7/src
make -C ps7_cortexa9_0/libsrc/scugic_v3_7/src -s libs  "SHELL=/bin/sh" "COMPILER=arm-none-eabi-gcc" "ARCHIVER=arm-none-eabi-ar" "COMPILER_FLAGS=  -O2 -c" "EXTRA_COMPILER_FLAGS=-mcpu=cortex-a9 -mfpu=vfpv3 -mfloat-abi=hard -nostartfiles -Wall -Wextra"
Compiling scugic
xscugic_g.c:53:2: warning: missing initializer for field 'HandlerTable' of 'XScuGic_Config {aka struct <anonymous>}' [-Wmissing-field-initializers]
  }
  ^
In file included from xscugic_g.c:41:0:
xscugic.h:218:27: note: 'HandlerTable' declared here
  XScuGic_VectorTableEntry HandlerTable[XSCUGIC_MAX_NUM_INTR_INPUTS];/**<
                           ^~~~~~~~~~~~
Running Make libs in ps7_cortexa9_0/libsrc/cpu_cortexa9_v2_4/src
make -C ps7_cortexa9_0/libsrc/cpu_cortexa9_v2_4/src -s libs  "SHELL=/bin/sh" "COMPILER=arm-none-eabi-gcc" "ARCHIVER=arm-none-eabi-ar" "COMPILER_FLAGS=  -O2 -c" "EXTRA_COMPILER_FLAGS=-mcpu=cortex-a9 -mfpu=vfpv3 -mfloat-abi=hard -nostartfiles -Wall -Wextra"
Compiling cpu_cortexa9
Running Make libs in ps7_cortexa9_0/libsrc/xadcps_v2_2/src
make -C ps7_cortexa9_0/libsrc/xadcps_v2_2/src -s libs  "SHELL=/bin/sh" "COMPILER=arm-none-eabi-gcc" "ARCHIVER=arm-none-eabi-ar" "COMPILER_FLAGS=  -O2 -c" "EXTRA_COMPILER_FLAGS=-mcpu=cortex-a9 -mfpu=vfpv3 -mfloat-abi=hard -nostartfiles -Wall -Wextra"
Compiling xadcps
Running Make libs in ps7_cortexa9_0/libsrc/devcfg_v3_4/src
make -C ps7_cortexa9_0/libsrc/devcfg_v3_4/src -s libs  "SHELL=/bin/sh" "COMPILER=arm-none-eabi-gcc" "ARCHIVER=arm-none-eabi-ar" "COMPILER_FLAGS=  -O2 -c" "EXTRA_COMPILER_FLAGS=-mcpu=cortex-a9 -mfpu=vfpv3 -mfloat-abi=hard -nostartfiles -Wall -Wextra"
Compiling devcfg
Running Make libs in ps7_cortexa9_0/libsrc/gpio_v4_3/src
make -C ps7_cortexa9_0/libsrc/gpio_v4_3/src -s libs  "SHELL=/bin/sh" "COMPILER=arm-none-eabi-gcc" "ARCHIVER=arm-none-eabi-ar" "COMPILER_FLAGS=  -O2 -c" "EXTRA_COMPILER_FLAGS=-mcpu=cortex-a9 -mfpu=vfpv3 -mfloat-abi=hard -nostartfiles -Wall -Wextra"
Compiling gpio
Running Make libs in ps7_cortexa9_0/libsrc/scuwdt_v2_1/src
make -C ps7_cortexa9_0/libsrc/scuwdt_v2_1/src -s libs  "SHELL=/bin/sh" "COMPILER=arm-none-eabi-gcc" "ARCHIVER=arm-none-eabi-ar" "COMPILER_FLAGS=  -O2 -c" "EXTRA_COMPILER_FLAGS=-mcpu=cortex-a9 -mfpu=vfpv3 -mfloat-abi=hard -nostartfiles -Wall -Wextra"
Compiling scuwdt
Running Make libs in ps7_cortexa9_0/libsrc/uartps_v3_4/src
make -C ps7_cortexa9_0/libsrc/uartps_v3_4/src -s libs  "SHELL=/bin/sh" "COMPILER=arm-none-eabi-gcc" "ARCHIVER=arm-none-eabi-ar" "COMPILER_FLAGS=  -O2 -c" "EXTRA_COMPILER_FLAGS=-mcpu=cortex-a9 -mfpu=vfpv3 -mfloat-abi=hard -nostartfiles -Wall -Wextra"
Compiling uartps
Running Make libs in ps7_cortexa9_0/libsrc/coresightps_dcc_v1_4/src
make -C ps7_cortexa9_0/libsrc/coresightps_dcc_v1_4/src -s libs  "SHELL=/bin/sh" "COMPILER=arm-none-eabi-gcc" "ARCHIVER=arm-none-eabi-ar" "COMPILER_FLAGS=  -O2 -c" "EXTRA_COMPILER_FLAGS=-mcpu=cortex-a9 -mfpu=vfpv3 -mfloat-abi=hard -nostartfiles -Wall -Wextra"
Compiling coresightps_dcc
Running Make libs in ps7_cortexa9_0/libsrc/scutimer_v2_1/src
make -C ps7_cortexa9_0/libsrc/scutimer_v2_1/src -s libs  "SHELL=/bin/sh" "COMPILER=arm-none-eabi-gcc" "ARCHIVER=arm-none-eabi-ar" "COMPILER_FLAGS=  -O2 -c" "EXTRA_COMPILER_FLAGS=-mcpu=cortex-a9 -mfpu=vfpv3 -mfloat-abi=hard -nostartfiles -Wall -Wextra"
Compiling scutimer
Finished building libraries
12:55:00 **** Build of configuration Debug for project lab1 ****
make pre-build main-build 
a9-linaro-pre-build-step
 
Building file: ../src/lab1.c
Invoking: ARM v7 gcc compiler
arm-none-eabi-gcc -Wall -O0 -g3 -c -fmessage-length=0 -MT"src/lab1.o" -mcpu=cortex-a9 -mfpu=vfpv3 -mfloat-abi=hard -I../../lab1_bsp/ps7_cortexa9_0/include -MMD -MP -MF"src/lab1.d" -MT"src/lab1.o" -o "src/lab1.o" "../src/lab1.c"
../src/lab1.c: In function 'main':
../src/lab1.c:59:11: warning: this 'if' clause does not guard... [-Wmisleading-indentation]
           if((sw_check & 0x0f)==0x0F)
           ^~
../src/lab1.c:61:5: note: ...this statement, but the latter is misleadingly indented as if it is guarded by the 'if'
     for (i=0; i<9999999; i++); // delay loop
     ^~~
Finished building: ../src/lab1.c
 
Building file: ../src/toggle.c
Invoking: ARM v7 gcc compiler
arm-none-eabi-gcc -Wall -O0 -g3 -c -fmessage-length=0 -MT"src/toggle.o" -mcpu=cortex-a9 -mfpu=vfpv3 -mfloat-abi=hard -I../../lab1_bsp/ps7_cortexa9_0/include -MMD -MP -MF"src/toggle.d" -MT"src/toggle.o" -o "src/toggle.o" "../src/toggle.c"
../src/toggle.c: In function 'but_is_off':
../src/toggle.c:40:19: warning: unused variable 'fsm_but' [-Wunused-variable]
     fsm_button_t* fsm_but = (fsm_button_t*)this;
                   ^~~~~~~
../src/toggle.c: In function 'but_is_stable':
../src/toggle.c:51:16: warning: unused variable 'fsm_but' [-Wunused-variable]
  fsm_button_t* fsm_but = (fsm_button_t*)this;
                ^~~~~~~
../src/toggle.c: In function 'but_reset_count':
../src/toggle.c:56:5: error: unknown type name 'fsm_but_t'
     fsm_but_t* fsm_but = (fsm_but_t*)this;
     ^~~~~~~~~
../src/toggle.c:56:27: error: 'fsm_but_t' undeclared (first use in this function)
     fsm_but_t* fsm_but = (fsm_but_t*)this;
                           ^~~~~~~~~
../src/toggle.c:56:27: note: each undeclared identifier is reported only once for each function it appears in
../src/toggle.c:56:37: error: expected expression before ')' token
     fsm_but_t* fsm_but = (fsm_but_t*)this;
                                     ^
../src/toggle.c:56:16: warning: unused variable 'fsm_but' [-Wunused-variable]
     fsm_but_t* fsm_but = (fsm_but_t*)this;
                ^~~~~~~
../src/toggle.c: In function 'but_inc_count':
../src/toggle.c:61:5: error: unknown type name 'fsm_but_t'
     fsm_but_t* fsm_but = (fsm_but_t*)this;
     ^~~~~~~~~
../src/toggle.c:61:27: error: 'fsm_but_t' undeclared (first use in this function)
     fsm_but_t* fsm_but = (fsm_but_t*)this;
                           ^~~~~~~~~
../src/toggle.c:61:37: error: expected expression before ')' token
     fsm_but_t* fsm_but = (fsm_but_t*)this;
                                     ^
../src/toggle.c:61:16: warning: unused variable 'fsm_but' [-Wunused-variable]
     fsm_but_t* fsm_but = (fsm_but_t*)this;
                ^~~~~~~
../src/toggle.c: In function 'but_stable_on':
../src/toggle.c:66:5: error: unknown type name 'fsm_but_t'
     fsm_but_t* fsm_but = (fsm_but_t*)this;
     ^~~~~~~~~
../src/toggle.c:66:27: error: 'fsm_but_t' undeclared (first use in this function)
     fsm_but_t* fsm_but = (fsm_but_t*)this;
                           ^~~~~~~~~
../src/toggle.c:66:37: error: expected expression before ')' token
     fsm_but_t* fsm_but = (fsm_but_t*)this;
                                     ^
../src/toggle.c:66:16: warning: unused variable 'fsm_but' [-Wunused-variable]
     fsm_but_t* fsm_but = (fsm_but_t*)this;
                ^~~~~~~
../src/toggle.c: In function 'but_stable_off':
../src/toggle.c:72:5: error: unknown type name 'fsm_but_t'
     fsm_but_t* fsm_but = (fsm_but_t*)this;
     ^~~~~~~~~
../src/toggle.c:72:27: error: 'fsm_but_t' undeclared (first use in this function)
     fsm_but_t* fsm_but = (fsm_but_t*)this;
                           ^~~~~~~~~
../src/toggle.c:72:37: error: expected expression before ')' token
     fsm_but_t* fsm_but = (fsm_but_t*)this;
                                     ^
../src/toggle.c:72:16: warning: unused variable 'fsm_but' [-Wunused-variable]
     fsm_but_t* fsm_but = (fsm_but_t*)this;
                ^~~~~~~
../src/toggle.c: In function 'main':
../src/toggle.c:97:19: error: expected expression before ',' token
src/subdir.mk:27: die Regel für Ziel „src/toggle.o“ scheiterte
     {NOT_PRESSED, , PRESSED, },
                   ^
../src/toggle.c:98:19: error: expected expression before ',' token
     {NOT_PRESSED, , NOT_PRESSED, },
                   ^
../src/toggle.c:99:19: error: expected expression before ',' token
     {NOT_PRESSED, , NOT_PRESSED, },
                   ^
../src/toggle.c:100:15: error: expected expression before ',' token
     {PRESSED, , NOT_PRESSED, },
               ^
../src/toggle.c:101:15: error: expected expression before ',' token
     {PRESSED, , PRESSED, },
               ^
../src/toggle.c:102:15: error: expected expression before ',' token
     {PRESSED, , PRESSED, },
               ^
../src/toggle.c:112:3: error: unknown type name 'fsm_but_t'
   fsm_but_t fsm_but;
   ^~~~~~~~~
../src/toggle.c:115:12: warning: passing argument 1 of 'fsm_init' from incompatible pointer type [-Wincompatible-pointer-types]
   fsm_init(&fsm_but, NOT_PRESSED, but_tt);
            ^
In file included from ../src/toggle.c:8:0:
../src/fsm.h:27:6: note: expected 'fsm_t * {aka struct fsm_t *}' but argument is of type 'int *'
 void fsm_init (fsm_t* this, int state, fsm_trans_t* tt);
      ^~~~~~~~
../src/toggle.c:116:12: warning: passing argument 1 of 'fsm_init' from incompatible pointer type [-Wincompatible-pointer-types]
   fsm_init(&fsm_led, LED_OFF, led_tt);
            ^
In file included from ../src/toggle.c:8:0:
../src/fsm.h:27:6: note: expected 'fsm_t * {aka struct fsm_t *}' but argument is of type 'fsm_led_t * {aka struct <anonymous> *}'
 void fsm_init (fsm_t* this, int state, fsm_trans_t* tt);
      ^~~~~~~~
../src/toggle.c:121:10: error: 'fsm_led_t {aka struct <anonymous>}' has no member named 'gpio'; did you mean 'fsm_gpio'?
   fsm_led.gpio.instance = &psGpioInstancePtr;
          ^
../src/toggle.c:121:15: error: '(fsm_trans_t *)&<erroneous-expression>' is a pointer; did you mean to use '->'?
   fsm_led.gpio.instance = &psGpioInstancePtr;
               ^
               ->
../src/toggle.c:121:3: warning: statement with no effect [-Wunused-value]
   fsm_led.gpio.instance = &psGpioInstancePtr;
   ^~~~~~~
../src/toggle.c:122:10: error: 'fsm_led_t {aka struct <anonymous>}' has no member named 'gpio'; did you mean 'fsm_gpio'?
   fsm_led.gpio.pin = 7;
          ^
../src/toggle.c:122:15: error: '(fsm_trans_t *)&<erroneous-expression>' is a pointer; did you mean to use '->'?
   fsm_led.gpio.pin = 7;
               ^
               ->
../src/toggle.c:122:3: warning: statement with no effect [-Wunused-value]
   fsm_led.gpio.pin = 7;
   ^~~~~~~
../src/toggle.c:123:30: error: request for member 'pressed' in something not a structure or union
   fsm_led.pressed = &(fsm_but.pressed);
                              ^
../src/toggle.c:123:19: warning: assignment from incompatible pointer type [-Wincompatible-pointer-types]
   fsm_led.pressed = &(fsm_but.pressed);
                   ^
../src/toggle.c:125:10: error: request for member 'gpio' in something not a structure or union
   fsm_but.gpio.instance = &psGpioInstancePtr;
          ^
../src/toggle.c:125:15: error: '(fsm_trans_t *)&<erroneous-expression>' is a pointer; did you mean to use '->'?
   fsm_but.gpio.instance = &psGpioInstancePtr;
               ^
               ->
../src/toggle.c:125:3: warning: statement with no effect [-Wunused-value]
   fsm_but.gpio.instance = &psGpioInstancePtr;
   ^~~~~~~
../src/toggle.c:126:10: error: request for member 'gpio' in something not a structure or union
   fsm_but.gpio.pin = 54;
          ^
../src/toggle.c:126:15: error: '(fsm_trans_t *)&<erroneous-expression>' is a pointer; did you mean to use '->'?
   fsm_but.gpio.pin = 54;
               ^
               ->
../src/toggle.c:126:3: warning: statement with no effect [-Wunused-value]
   fsm_but.gpio.pin = 54;
   ^~~~~~~
../src/toggle.c:129:11: warning: passing argument 1 of 'led_off' from incompatible pointer type [-Wincompatible-pointer-types]
   led_off(&fsm_led);
           ^
../src/toggle.c:86:6: note: expected 'fsm_t * {aka struct fsm_t *}' but argument is of type 'fsm_led_t * {aka struct <anonymous> *}'
 void led_off (fsm_t* this) {
      ^~~~~~~
../src/toggle.c:130:18: warning: passing argument 1 of 'but_stable_off' from incompatible pointer type [-Wincompatible-pointer-types]
   but_stable_off(&fsm_but);
                  ^
../src/toggle.c:71:6: note: expected 'fsm_t * {aka struct fsm_t *}' but argument is of type 'int *'
 void but_stable_off (fsm_t* this) {
      ^~~~~~~~~~~~~~
../src/toggle.c:133:15: warning: passing argument 1 of 'fsm_fire' from incompatible pointer type [-Wincompatible-pointer-types]
     fsm_fire (&fsm_but);
               ^
In file included from ../src/toggle.c:8:0:
../src/fsm.h:28:6: note: expected 'fsm_t * {aka struct fsm_t *}' but argument is of type 'int *'
 void fsm_fire (fsm_t* this);
      ^~~~~~~~
../src/toggle.c:134:15: warning: passing argument 1 of 'fsm_fire' from incompatible pointer type [-Wincompatible-pointer-types]
     fsm_fire (&fsm_led);
               ^
In file included from ../src/toggle.c:8:0:
../src/fsm.h:28:6: note: expected 'fsm_t * {aka struct fsm_t *}' but argument is of type 'fsm_led_t * {aka struct <anonymous> *}'
 void fsm_fire (fsm_t* this);
      ^~~~~~~~
../src/toggle.c:135:10: error: 'i' undeclared (first use in this function)
     for (i=0; i<9999999; i++); // delay loop => should be done with timer
          ^
../src/toggle.c:135:5: warning: statement with no effect [-Wunused-value]
     for (i=0; i<9999999; i++); // delay loop => should be done with timer
     ^~~
../src/toggle.c:135:16: warning: comparison between pointer and integer
     for (i=0; i<9999999; i++); // delay loop => should be done with timer
                ^
../src/toggle.c:135:27: error: lvalue required as increment operand
     for (i=0; i<9999999; i++); // delay loop => should be done with timer
                           ^~
../src/toggle.c:135:5: warning: statement with no effect [-Wunused-value]
     for (i=0; i<9999999; i++); // delay loop => should be done with timer
     ^~~
../src/toggle.c: In function 'but_is_off':
../src/toggle.c:42:1: warning: control reaches end of non-void function [-Wreturn-type]
 }
 ^
../src/toggle.c: In function 'but_is_stable':
../src/toggle.c:53:1: warning: control reaches end of non-void function [-Wreturn-type]
 }
 ^
make: *** [src/toggle.o] Fehler 1
12:55:02 **** Build of project standalone_bsp_0 ****
make -k all 
Running Make include in ps7_cortexa9_0/libsrc/qspips_v3_3/src
make -C ps7_cortexa9_0/libsrc/qspips_v3_3/src -s include  "SHELL=/bin/sh" "COMPILER=arm-none-eabi-gcc" "ARCHIVER=arm-none-eabi-ar" "COMPILER_FLAGS=  -O2 -c" "EXTRA_COMPILER_FLAGS=-mcpu=cortex-a9 -mfpu=vfpv3 -mfloat-abi=hard -nostartfiles -Wall -Wextra"
Running Make include in ps7_cortexa9_0/libsrc/dmaps_v2_3/src
make -C ps7_cortexa9_0/libsrc/dmaps_v2_3/src -s include  "SHELL=/bin/sh" "COMPILER=arm-none-eabi-gcc" "ARCHIVER=arm-none-eabi-ar" "COMPILER_FLAGS=  -O2 -c" "EXTRA_COMPILER_FLAGS=-mcpu=cortex-a9 -mfpu=vfpv3 -mfloat-abi=hard -nostartfiles -Wall -Wextra"
Running Make include in ps7_cortexa9_0/libsrc/ddrps_v1_0/src
make -C ps7_cortexa9_0/libsrc/ddrps_v1_0/src -s include  "SHELL=/bin/sh" "COMPILER=arm-none-eabi-gcc" "ARCHIVER=arm-none-eabi-ar" "COMPILER_FLAGS=  -O2 -c" "EXTRA_COMPILER_FLAGS=-mcpu=cortex-a9 -mfpu=vfpv3 -mfloat-abi=hard -nostartfiles -Wall -Wextra"
Running Make include in ps7_cortexa9_0/libsrc/gpiops_v3_3/src
make -C ps7_cortexa9_0/libsrc/gpiops_v3_3/src -s include  "SHELL=/bin/sh" "COMPILER=arm-none-eabi-gcc" "ARCHIVER=arm-none-eabi-ar" "COMPILER_FLAGS=  -O2 -c" "EXTRA_COMPILER_FLAGS=-mcpu=cortex-a9 -mfpu=vfpv3 -mfloat-abi=hard -nostartfiles -Wall -Wextra"
Running Make include in ps7_cortexa9_0/libsrc/standalone_v6_3/src
make -C ps7_cortexa9_0/libsrc/standalone_v6_3/src -s include  "SHELL=/bin/sh" "COMPILER=arm-none-eabi-gcc" "ARCHIVER=arm-none-eabi-ar" "COMPILER_FLAGS=  -O2 -c" "EXTRA_COMPILER_FLAGS=-mcpu=cortex-a9 -mfpu=vfpv3 -mfloat-abi=hard -nostartfiles -Wall -Wextra"
Running Make include in ps7_cortexa9_0/libsrc/scugic_v3_7/src
make -C ps7_cortexa9_0/libsrc/scugic_v3_7/src -s include  "SHELL=/bin/sh" "COMPILER=arm-none-eabi-gcc" "ARCHIVER=arm-none-eabi-ar" "COMPILER_FLAGS=  -O2 -c" "EXTRA_COMPILER_FLAGS=-mcpu=cortex-a9 -mfpu=vfpv3 -mfloat-abi=hard -nostartfiles -Wall -Wextra"
Running Make include in ps7_cortexa9_0/libsrc/cpu_cortexa9_v2_4/src
make -C ps7_cortexa9_0/libsrc/cpu_cortexa9_v2_4/src -s include  "SHELL=/bin/sh" "COMPILER=arm-none-eabi-gcc" "ARCHIVER=arm-none-eabi-ar" "COMPILER_FLAGS=  -O2 -c" "EXTRA_COMPILER_FLAGS=-mcpu=cortex-a9 -mfpu=vfpv3 -mfloat-abi=hard -nostartfiles -Wall -Wextra"
Running Make include in ps7_cortexa9_0/libsrc/xadcps_v2_2/src
make -C ps7_cortexa9_0/libsrc/xadcps_v2_2/src -s include  "SHELL=/bin/sh" "COMPILER=arm-none-eabi-gcc" "ARCHIVER=arm-none-eabi-ar" "COMPILER_FLAGS=  -O2 -c" "EXTRA_COMPILER_FLAGS=-mcpu=cortex-a9 -mfpu=vfpv3 -mfloat-abi=hard -nostartfiles -Wall -Wextra"
Running Make include in ps7_cortexa9_0/libsrc/devcfg_v3_4/src
make -C ps7_cortexa9_0/libsrc/devcfg_v3_4/src -s include  "SHELL=/bin/sh" "COMPILER=arm-none-eabi-gcc" "ARCHIVER=arm-none-eabi-ar" "COMPILER_FLAGS=  -O2 -c" "EXTRA_COMPILER_FLAGS=-mcpu=cortex-a9 -mfpu=vfpv3 -mfloat-abi=hard -nostartfiles -Wall -Wextra"
Running Make include in ps7_cortexa9_0/libsrc/gpio_v4_3/src
make -C ps7_cortexa9_0/libsrc/gpio_v4_3/src -s include  "SHELL=/bin/sh" "COMPILER=arm-none-eabi-gcc" "ARCHIVER=arm-none-eabi-ar" "COMPILER_FLAGS=  -O2 -c" "EXTRA_COMPILER_FLAGS=-mcpu=cortex-a9 -mfpu=vfpv3 -mfloat-abi=hard -nostartfiles -Wall -Wextra"
Running Make include in ps7_cortexa9_0/libsrc/scuwdt_v2_1/src
make -C ps7_cortexa9_0/libsrc/scuwdt_v2_1/src -s include  "SHELL=/bin/sh" "COMPILER=arm-none-eabi-gcc" "ARCHIVER=arm-none-eabi-ar" "COMPILER_FLAGS=  -O2 -c" "EXTRA_COMPILER_FLAGS=-mcpu=cortex-a9 -mfpu=vfpv3 -mfloat-abi=hard -nostartfiles -Wall -Wextra"
Running Make include in ps7_cortexa9_0/libsrc/uartps_v3_4/src
make -C ps7_cortexa9_0/libsrc/uartps_v3_4/src -s include  "SHELL=/bin/sh" "COMPILER=arm-none-eabi-gcc" "ARCHIVER=arm-none-eabi-ar" "COMPILER_FLAGS=  -O2 -c" "EXTRA_COMPILER_FLAGS=-mcpu=cortex-a9 -mfpu=vfpv3 -mfloat-abi=hard -nostartfiles -Wall -Wextra"
Running Make include in ps7_cortexa9_0/libsrc/coresightps_dcc_v1_4/src
make -C ps7_cortexa9_0/libsrc/coresightps_dcc_v1_4/src -s include  "SHELL=/bin/sh" "COMPILER=arm-none-eabi-gcc" "ARCHIVER=arm-none-eabi-ar" "COMPILER_FLAGS=  -O2 -c" "EXTRA_COMPILER_FLAGS=-mcpu=cortex-a9 -mfpu=vfpv3 -mfloat-abi=hard -nostartfiles -Wall -Wextra"
Running Make include in ps7_cortexa9_0/libsrc/scutimer_v2_1/src
make -C ps7_cortexa9_0/libsrc/scutimer_v2_1/src -s include  "SHELL=/bin/sh" "COMPILER=arm-none-eabi-gcc" "ARCHIVER=arm-none-eabi-ar" "COMPILER_FLAGS=  -O2 -c" "EXTRA_COMPILER_FLAGS=-mcpu=cortex-a9 -mfpu=vfpv3 -mfloat-abi=hard -nostartfiles -Wall -Wextra"
Running Make libs in ps7_cortexa9_0/libsrc/qspips_v3_3/src
make -C ps7_cortexa9_0/libsrc/qspips_v3_3/src -s libs  "SHELL=/bin/sh" "COMPILER=arm-none-eabi-gcc" "ARCHIVER=arm-none-eabi-ar" "COMPILER_FLAGS=  -O2 -c" "EXTRA_COMPILER_FLAGS=-mcpu=cortex-a9 -mfpu=vfpv3 -mfloat-abi=hard -nostartfiles -Wall -Wextra"
Compiling qspips
Running Make libs in ps7_cortexa9_0/libsrc/dmaps_v2_3/src
make -C ps7_cortexa9_0/libsrc/dmaps_v2_3/src -s libs  "SHELL=/bin/sh" "COMPILER=arm-none-eabi-gcc" "ARCHIVER=arm-none-eabi-ar" "COMPILER_FLAGS=  -O2 -c" "EXTRA_COMPILER_FLAGS=-mcpu=cortex-a9 -mfpu=vfpv3 -mfloat-abi=hard -nostartfiles -Wall -Wextra"
Compiling dmaps
Running Make libs in ps7_cortexa9_0/libsrc/ddrps_v1_0/src
make -C ps7_cortexa9_0/libsrc/ddrps_v1_0/src -s libs  "SHELL=/bin/sh" "COMPILER=arm-none-eabi-gcc" "ARCHIVER=arm-none-eabi-ar" "COMPILER_FLAGS=  -O2 -c" "EXTRA_COMPILER_FLAGS=-mcpu=cortex-a9 -mfpu=vfpv3 -mfloat-abi=hard -nostartfiles -Wall -Wextra"
Compiling ddrps
Running Make libs in ps7_cortexa9_0/libsrc/gpiops_v3_3/src
make -C ps7_cortexa9_0/libsrc/gpiops_v3_3/src -s libs  "SHELL=/bin/sh" "COMPILER=arm-none-eabi-gcc" "ARCHIVER=arm-none-eabi-ar" "COMPILER_FLAGS=  -O2 -c" "EXTRA_COMPILER_FLAGS=-mcpu=cortex-a9 -mfpu=vfpv3 -mfloat-abi=hard -nostartfiles -Wall -Wextra"
Compiling gpiops
Running Make libs in ps7_cortexa9_0/libsrc/standalone_v6_3/src
make -C ps7_cortexa9_0/libsrc/standalone_v6_3/src -s libs  "SHELL=/bin/sh" "COMPILER=arm-none-eabi-gcc" "ARCHIVER=arm-none-eabi-ar" "COMPILER_FLAGS=  -O2 -c" "EXTRA_COMPILER_FLAGS=-mcpu=cortex-a9 -mfpu=vfpv3 -mfloat-abi=hard -nostartfiles -Wall -Wextra"
Compiling standalone
Running Make libs in ps7_cortexa9_0/libsrc/scugic_v3_7/src
make -C ps7_cortexa9_0/libsrc/scugic_v3_7/src -s libs  "SHELL=/bin/sh" "COMPILER=arm-none-eabi-gcc" "ARCHIVER=arm-none-eabi-ar" "COMPILER_FLAGS=  -O2 -c" "EXTRA_COMPILER_FLAGS=-mcpu=cortex-a9 -mfpu=vfpv3 -mfloat-abi=hard -nostartfiles -Wall -Wextra"
Compiling scugic
xscugic_g.c:53:2: warning: missing initializer for field 'HandlerTable' of 'XScuGic_Config {aka struct <anonymous>}' [-Wmissing-field-initializers]
  }
  ^
In file included from xscugic_g.c:41:0:
xscugic.h:218:27: note: 'HandlerTable' declared here
  XScuGic_VectorTableEntry HandlerTable[XSCUGIC_MAX_NUM_INTR_INPUTS];/**<
                           ^~~~~~~~~~~~
Running Make libs in ps7_cortexa9_0/libsrc/cpu_cortexa9_v2_4/src
make -C ps7_cortexa9_0/libsrc/cpu_cortexa9_v2_4/src -s libs  "SHELL=/bin/sh" "COMPILER=arm-none-eabi-gcc" "ARCHIVER=arm-none-eabi-ar" "COMPILER_FLAGS=  -O2 -c" "EXTRA_COMPILER_FLAGS=-mcpu=cortex-a9 -mfpu=vfpv3 -mfloat-abi=hard -nostartfiles -Wall -Wextra"
Compiling cpu_cortexa9
Running Make libs in ps7_cortexa9_0/libsrc/xadcps_v2_2/src
make -C ps7_cortexa9_0/libsrc/xadcps_v2_2/src -s libs  "SHELL=/bin/sh" "COMPILER=arm-none-eabi-gcc" "ARCHIVER=arm-none-eabi-ar" "COMPILER_FLAGS=  -O2 -c" "EXTRA_COMPILER_FLAGS=-mcpu=cortex-a9 -mfpu=vfpv3 -mfloat-abi=hard -nostartfiles -Wall -Wextra"
Compiling xadcps
Running Make libs in ps7_cortexa9_0/libsrc/devcfg_v3_4/src
make -C ps7_cortexa9_0/libsrc/devcfg_v3_4/src -s libs  "SHELL=/bin/sh" "COMPILER=arm-none-eabi-gcc" "ARCHIVER=arm-none-eabi-ar" "COMPILER_FLAGS=  -O2 -c" "EXTRA_COMPILER_FLAGS=-mcpu=cortex-a9 -mfpu=vfpv3 -mfloat-abi=hard -nostartfiles -Wall -Wextra"
Compiling devcfg
Running Make libs in ps7_cortexa9_0/libsrc/gpio_v4_3/src
make -C ps7_cortexa9_0/libsrc/gpio_v4_3/src -s libs  "SHELL=/bin/sh" "COMPILER=arm-none-eabi-gcc" "ARCHIVER=arm-none-eabi-ar" "COMPILER_FLAGS=  -O2 -c" "EXTRA_COMPILER_FLAGS=-mcpu=cortex-a9 -mfpu=vfpv3 -mfloat-abi=hard -nostartfiles -Wall -Wextra"
Compiling gpio
Running Make libs in ps7_cortexa9_0/libsrc/scuwdt_v2_1/src
make -C ps7_cortexa9_0/libsrc/scuwdt_v2_1/src -s libs  "SHELL=/bin/sh" "COMPILER=arm-none-eabi-gcc" "ARCHIVER=arm-none-eabi-ar" "COMPILER_FLAGS=  -O2 -c" "EXTRA_COMPILER_FLAGS=-mcpu=cortex-a9 -mfpu=vfpv3 -mfloat-abi=hard -nostartfiles -Wall -Wextra"
Compiling scuwdt
Running Make libs in ps7_cortexa9_0/libsrc/uartps_v3_4/src
make -C ps7_cortexa9_0/libsrc/uartps_v3_4/src -s libs  "SHELL=/bin/sh" "COMPILER=arm-none-eabi-gcc" "ARCHIVER=arm-none-eabi-ar" "COMPILER_FLAGS=  -O2 -c" "EXTRA_COMPILER_FLAGS=-mcpu=cortex-a9 -mfpu=vfpv3 -mfloat-abi=hard -nostartfiles -Wall -Wextra"
Compiling uartps
Running Make libs in ps7_cortexa9_0/libsrc/coresightps_dcc_v1_4/src
make -C ps7_cortexa9_0/libsrc/coresightps_dcc_v1_4/src -s libs  "SHELL=/bin/sh" "COMPILER=arm-none-eabi-gcc" "ARCHIVER=arm-none-eabi-ar" "COMPILER_FLAGS=  -O2 -c" "EXTRA_COMPILER_FLAGS=-mcpu=cortex-a9 -mfpu=vfpv3 -mfloat-abi=hard -nostartfiles -Wall -Wextra"
Compiling coresightps_dcc
Running Make libs in ps7_cortexa9_0/libsrc/scutimer_v2_1/src
make -C ps7_cortexa9_0/libsrc/scutimer_v2_1/src -s libs  "SHELL=/bin/sh" "COMPILER=arm-none-eabi-gcc" "ARCHIVER=arm-none-eabi-ar" "COMPILER_FLAGS=  -O2 -c" "EXTRA_COMPILER_FLAGS=-mcpu=cortex-a9 -mfpu=vfpv3 -mfloat-abi=hard -nostartfiles -Wall -Wextra"
Compiling scutimer
Finished building libraries
13:00:19 **** Incremental Build of configuration Debug for project lab1 ****
make pre-build main-build 
a9-linaro-pre-build-step
 
Building file: ../src/toggle.c
Invoking: ARM v7 gcc compiler
arm-none-eabi-gcc -Wall -O0 -g3 -c -fmessage-length=0 -MT"src/toggle.o" -mcpu=cortex-a9 -mfpu=vfpv3 -mfloat-abi=hard -I../../lab1_bsp/ps7_cortexa9_0/include -MMD -MP -MF"src/toggle.d" -MT"src/toggle.o" -o "src/toggle.o" "../src/toggle.c"
../src/toggle.c: In function 'but_is_off':
../src/toggle.c:40:19: warning: unused variable 'fsm_but' [-Wunused-variable]
     fsm_button_t* fsm_but = (fsm_button_t*)this;
                   ^~~~~~~
../src/toggle.c: In function 'but_is_stable':
../src/toggle.c:51:16: warning: unused variable 'fsm_but' [-Wunused-variable]
  fsm_button_t* fsm_but = (fsm_button_t*)this;
                ^~~~~~~
../src/toggle.c: In function 'but_reset_count':
../src/toggle.c:56:5: error: unknown type name 'fsm_but_t'
     fsm_but_t* fsm_but = (fsm_but_t*)this;
     ^~~~~~~~~
../src/toggle.c:56:27: error: 'fsm_but_t' undeclared (first use in this function)
     fsm_but_t* fsm_but = (fsm_but_t*)this;
                           ^~~~~~~~~
../src/toggle.c:56:27: note: each undeclared identifier is reported only once for each function it appears in
../src/toggle.c:56:37: error: expected expression before ')' token
     fsm_but_t* fsm_but = (fsm_but_t*)this;
                                     ^
../src/toggle.c:56:16: warning: unused variable 'fsm_but' [-Wunused-variable]
src/subdir.mk:27: die Regel für Ziel „src/toggle.o“ scheiterte
     fsm_but_t* fsm_but = (fsm_but_t*)this;
                ^~~~~~~
../src/toggle.c: In function 'but_inc_count':
../src/toggle.c:61:5: error: unknown type name 'fsm_but_t'
     fsm_but_t* fsm_but = (fsm_but_t*)this;
     ^~~~~~~~~
../src/toggle.c:61:27: error: 'fsm_but_t' undeclared (first use in this function)
     fsm_but_t* fsm_but = (fsm_but_t*)this;
                           ^~~~~~~~~
../src/toggle.c:61:37: error: expected expression before ')' token
     fsm_but_t* fsm_but = (fsm_but_t*)this;
                                     ^
../src/toggle.c:61:16: warning: unused variable 'fsm_but' [-Wunused-variable]
     fsm_but_t* fsm_but = (fsm_but_t*)this;
                ^~~~~~~
../src/toggle.c: In function 'but_stable_on':
../src/toggle.c:66:5: error: unknown type name 'fsm_but_t'
     fsm_but_t* fsm_but = (fsm_but_t*)this;
     ^~~~~~~~~
../src/toggle.c:66:27: error: 'fsm_but_t' undeclared (first use in this function)
     fsm_but_t* fsm_but = (fsm_but_t*)this;
                           ^~~~~~~~~
../src/toggle.c:66:37: error: expected expression before ')' token
     fsm_but_t* fsm_but = (fsm_but_t*)this;
                                     ^
../src/toggle.c:66:16: warning: unused variable 'fsm_but' [-Wunused-variable]
     fsm_but_t* fsm_but = (fsm_but_t*)this;
                ^~~~~~~
../src/toggle.c: In function 'but_stable_off':
../src/toggle.c:72:5: error: unknown type name 'fsm_but_t'
     fsm_but_t* fsm_but = (fsm_but_t*)this;
     ^~~~~~~~~
../src/toggle.c:72:27: error: 'fsm_but_t' undeclared (first use in this function)
     fsm_but_t* fsm_but = (fsm_but_t*)this;
                           ^~~~~~~~~
../src/toggle.c:72:37: error: expected expression before ')' token
     fsm_but_t* fsm_but = (fsm_but_t*)this;
                                     ^
../src/toggle.c:72:16: warning: unused variable 'fsm_but' [-Wunused-variable]
     fsm_but_t* fsm_but = (fsm_but_t*)this;
                ^~~~~~~
../src/toggle.c: In function 'main':
../src/toggle.c:97:19: error: expected expression before ',' token
     {NOT_PRESSED, , PRESSED, },
                   ^
../src/toggle.c:98:19: error: expected expression before ',' token
     {NOT_PRESSED, , NOT_PRESSED, },
                   ^
../src/toggle.c:99:19: error: expected expression before ',' token
     {NOT_PRESSED, , NOT_PRESSED, },
                   ^
../src/toggle.c:100:15: error: expected expression before ',' token
     {PRESSED, , NOT_PRESSED, },
               ^
../src/toggle.c:101:15: error: expected expression before ',' token
     {PRESSED, , PRESSED, },
               ^
../src/toggle.c:102:15: error: expected expression before ',' token
     {PRESSED, , PRESSED, },
               ^
../src/toggle.c:112:3: error: unknown type name 'fsm_but_t'
   fsm_but_t fsm_but;
   ^~~~~~~~~
../src/toggle.c:115:12: warning: passing argument 1 of 'fsm_init' from incompatible pointer type [-Wincompatible-pointer-types]
   fsm_init(&fsm_but, NOT_PRESSED, but_tt);
            ^
In file included from ../src/toggle.c:8:0:
../src/fsm.h:27:6: note: expected 'fsm_t * {aka struct fsm_t *}' but argument is of type 'int *'
 void fsm_init (fsm_t* this, int state, fsm_trans_t* tt);
      ^~~~~~~~
../src/toggle.c:116:12: warning: passing argument 1 of 'fsm_init' from incompatible pointer type [-Wincompatible-pointer-types]
   fsm_init(&fsm_led, LED_OFF, led_tt);
            ^
In file included from ../src/toggle.c:8:0:
../src/fsm.h:27:6: note: expected 'fsm_t * {aka struct fsm_t *}' but argument is of type 'fsm_led_t * {aka struct <anonymous> *}'
 void fsm_init (fsm_t* this, int state, fsm_trans_t* tt);
      ^~~~~~~~
../src/toggle.c:121:10: error: 'fsm_led_t {aka struct <anonymous>}' has no member named 'gpio'; did you mean 'fsm_gpio'?
   fsm_led.gpio.instance = &psGpioInstancePtr;
          ^
../src/toggle.c:121:15: error: '(fsm_trans_t *)&<erroneous-expression>' is a pointer; did you mean to use '->'?
   fsm_led.gpio.instance = &psGpioInstancePtr;
               ^
               ->
../src/toggle.c:121:3: warning: statement with no effect [-Wunused-value]
   fsm_led.gpio.instance = &psGpioInstancePtr;
   ^~~~~~~
../src/toggle.c:122:10: error: 'fsm_led_t {aka struct <anonymous>}' has no member named 'gpio'; did you mean 'fsm_gpio'?
   fsm_led.gpio.pin = 7;
          ^
../src/toggle.c:122:15: error: '(fsm_trans_t *)&<erroneous-expression>' is a pointer; did you mean to use '->'?
   fsm_led.gpio.pin = 7;
               ^
               ->
../src/toggle.c:122:3: warning: statement with no effect [-Wunused-value]
   fsm_led.gpio.pin = 7;
   ^~~~~~~
../src/toggle.c:123:30: error: request for member 'pressed' in something not a structure or union
   fsm_led.pressed = &(fsm_but.pressed);
[...]
 void but_stable_off (fsm_t* this) {
      ^~~~~~~~~~~~~~
../src/toggle.c:166:15: warning: passing argument 1 of 'fsm_fire' from incompatible pointer type [-Wincompatible-pointer-types]
     fsm_fire (&fsm_but);
               ^
In file included from ../src/toggle.c:8:0:
../src/fsm.h:28:6: note: expected 'fsm_t * {aka struct fsm_t *}' but argument is of type 'fsm_button_t * {aka struct <anonymous> *}'
 void fsm_fire (fsm_t* this);
      ^~~~~~~~
../src/toggle.c:167:15: warning: passing argument 1 of 'fsm_fire' from incompatible pointer type [-Wincompatible-pointer-types]
     fsm_fire (&fsm_led);
               ^
In file included from ../src/toggle.c:8:0:
../src/fsm.h:28:6: note: expected 'fsm_t * {aka struct fsm_t *}' but argument is of type 'fsm_led_t * {aka struct <anonymous> *}'
 void fsm_fire (fsm_t* this);
      ^~~~~~~~
make: *** [src/toggle.o] Fehler 1
17:04:19 **** Auto Build of configuration Debug for project lab1 ****
make pre-build main-build 
a9-linaro-pre-build-step
 
Building file: ../src/toggle.c
Invoking: ARM v7 gcc compiler
arm-none-eabi-gcc -Wall -O0 -g3 -c -fmessage-length=0 -MT"src/toggle.o" -mcpu=cortex-a9 -mfpu=vfpv3 -mfloat-abi=hard -I../../lab1_bsp/ps7_cortexa9_0/include -MMD -MP -MF"src/toggle.d" -MT"src/toggle.o" -o "src/toggle.o" "../src/toggle.c"
../src/toggle.c: In function 'main':
../src/toggle.c:129:12: warning: passing argument 1 of 'fsm_init' from incompatible pointer type [-Wincompatible-pointer-types]
   fsm_init(&fsm_but, NOT_PRESSED, but_tt);
            ^
In file included from ../src/toggle.c:8:0:
../src/fsm.h:27:6: note: expected 'fsm_t * {aka struct fsm_t *}' but argument is of type 'fsm_button_t * {aka struct <anonymous> *}'
 void fsm_init (fsm_t* this, int state, fsm_trans_t* tt);
      ^~~~~~~~
../src/toggle.c:130:12: warning: passing argument 1 of 'fsm_init' from incompatible pointer type [-Wincompatible-pointer-types]
   fsm_init(&fsm_led, LED_ON, led_tt);
            ^
In file included from ../src/toggle.c:8:0:
../src/fsm.h:27:6: note: expected 'fsm_t * {aka struct fsm_t *}' but argument is of type 'fsm_led_t * {aka struct <anonymous> *}'
 void fsm_init (fsm_t* this, int state, fsm_trans_t* tt);
      ^~~~~~~~
src/subdir.mk:27: die Regel für Ziel „src/toggle.o“ scheiterte
../src/toggle.c:156:7: error: 'iPinNumberEMIO' undeclared (first use in this function)
       iPinNumberEMIO,uPinDirectionEMIO);
       ^~~~~~~~~~~~~~
../src/toggle.c:156:7: note: each undeclared identifier is reported only once for each function it appears in
../src/toggle.c:160:11: warning: passing argument 1 of 'led_off' from incompatible pointer type [-Wincompatible-pointer-types]
   led_off(&fsm_led);
           ^
../src/toggle.c:94:6: note: expected 'fsm_t * {aka struct fsm_t *}' but argument is of type 'fsm_led_t * {aka struct <anonymous> *}'
 void led_off (fsm_t* this) {
      ^~~~~~~
../src/toggle.c:161:18: warning: passing argument 1 of 'but_stable_off' from incompatible pointer type [-Wincompatible-pointer-types]
   but_stable_off(&fsm_but);
                  ^
../src/toggle.c:77:6: note: expected 'fsm_t * {aka struct fsm_t *}' but argument is of type 'fsm_button_t * {aka struct <anonymous> *}'
 void but_stable_off (fsm_t* this) {
      ^~~~~~~~~~~~~~
../src/toggle.c:166:15: warning: passing argument 1 of 'fsm_fire' from incompatible pointer type [-Wincompatible-pointer-types]
     fsm_fire (&fsm_but);
               ^
In file included from ../src/toggle.c:8:0:
../src/fsm.h:28:6: note: expected 'fsm_t * {aka struct fsm_t *}' but argument is of type 'fsm_button_t * {aka struct <anonymous> *}'
 void fsm_fire (fsm_t* this);
      ^~~~~~~~
../src/toggle.c:167:15: warning: passing argument 1 of 'fsm_fire' from incompatible pointer type [-Wincompatible-pointer-types]
     fsm_fire (&fsm_led);
               ^
In file included from ../src/toggle.c:8:0:
../src/fsm.h:28:6: note: expected 'fsm_t * {aka struct fsm_t *}' but argument is of type 'fsm_led_t * {aka struct <anonymous> *}'
 void fsm_fire (fsm_t* this);
      ^~~~~~~~
make: *** [src/toggle.o] Fehler 1
17:04:33 **** Auto Build of configuration Debug for project lab1 ****
make pre-build main-build 
a9-linaro-pre-build-step
 
Building file: ../src/toggle.c
Invoking: ARM v7 gcc compiler
arm-none-eabi-gcc -Wall -O0 -g3 -c -fmessage-length=0 -MT"src/toggle.o" -mcpu=cortex-a9 -mfpu=vfpv3 -mfloat-abi=hard -I../../lab1_bsp/ps7_cortexa9_0/include -MMD -MP -MF"src/toggle.d" -MT"src/toggle.o" -o "src/toggle.o" "../src/toggle.c"
../src/toggle.c: In function 'main':
../src/toggle.c:129:12: warning: passing argument 1 of 'fsm_init' from incompatible pointer type [-Wincompatible-pointer-types]
   fsm_init(&fsm_but, NOT_PRESSED, but_tt);
            ^
In file included from ../src/toggle.c:8:0:
../src/fsm.h:27:6: note: expected 'fsm_t * {aka struct fsm_t *}' but argument is of type 'fsm_button_t * {aka struct <anonymous> *}'
 void fsm_init (fsm_t* this, int state, fsm_trans_t* tt);
      ^~~~~~~~
../src/toggle.c:130:12: warning: passing argument 1 of 'fsm_init' from incompatible pointer type [-Wincompatible-pointer-types]
   fsm_init(&fsm_led, LED_ON, led_tt);
            ^
In file included from ../src/toggle.c:8:0:
../src/fsm.h:27:6: note: expected 'fsm_t * {aka struct fsm_t *}' but argument is of type 'fsm_led_t * {aka struct <anonymous> *}'
 void fsm_init (fsm_t* this, int state, fsm_trans_t* tt);
      ^~~~~~~~
../src/toggle.c:160:11: warning: passing argument 1 of 'led_off' from incompatible pointer type [-Wincompatible-pointer-types]
   led_off(&fsm_led);
           ^
../src/toggle.c:94:6: note: expected 'fsm_t * {aka struct fsm_t *}' but argument is of type 'fsm_led_t * {aka struct <anonymous> *}'
 void led_off (fsm_t* this) {
      ^~~~~~~
../src/toggle.c:161:18: warning: passing argument 1 of 'but_stable_off' from incompatible pointer type [-Wincompatible-pointer-types]
   but_stable_off(&fsm_but);
                  ^
../src/toggle.c:77:6: note: expected 'fsm_t * {aka struct fsm_t *}' but argument is of type 'fsm_button_t * {aka struct <anonymous> *}'
 void but_stable_off (fsm_t* this) {
      ^~~~~~~~~~~~~~
../src/toggle.c:166:15: warning: passing argument 1 of 'fsm_fire' from incompatible pointer type [-Wincompatible-pointer-types]
     fsm_fire (&fsm_but);
               ^
In file included from ../src/toggle.c:8:0:
../src/fsm.h:28:6: note: expected 'fsm_t * {aka struct fsm_t *}' but argument is of type 'fsm_button_t * {aka struct <anonymous> *}'
 void fsm_fire (fsm_t* this);
      ^~~~~~~~
../src/toggle.c:167:15: warning: passing argument 1 of 'fsm_fire' from incompatible pointer type [-Wincompatible-pointer-types]
     fsm_fire (&fsm_led);
               ^
In file included from ../src/toggle.c:8:0:
../src/fsm.h:28:6: note: expected 'fsm_t * {aka struct fsm_t *}' but argument is of type 'fsm_led_t * {aka struct <anonymous> *}'
 void fsm_fire (fsm_t* this);
      ^~~~~~~~
Finished building: ../src/toggle.c
 
Building target: lab1.elf
Invoking: ARM v7 gcc linker
arm-none-eabi-gcc -mcpu=cortex-a9 -mfpu=vfpv3 -mfloat-abi=hard -Wl,-build-id=none -specs=Xilinx.spec -Wl,-T -Wl,../src/lscript.ld -L../../lab1_bsp/ps7_cortexa9_0/lib -o "lab1.elf"  ./src/fsm.o ./src/lab1_1.o ./src/toggle.o   -Wl,--start-group,-lxil,-lgcc,-lc,--end-group
./src/toggle.o: In Funktion `main':
/home/demian/UPM/ISPR/ISPR_Demian/vivadoLab1/lab1/lab1.sdk/lab1/Debug/../src/toggle.c:101: Mehrfachdefinition von `main'
./src/lab1_1.o:/home/demian/UPM/ISPR/ISPR_Demian/vivadoLab1/lab1/lab1.sdk/lab1/Debug/../src/lab1_1.c:14: first defined here
collect2: error: ld returned 1 exit status
make: *** [lab1.elf] Fehler 1
makefile:39: die Regel für Ziel „lab1.elf“ scheiterte
17:05:22 **** Auto Build of configuration Debug for project lab1 ****
make pre-build main-build 
a9-linaro-pre-build-step
 
Building file: ../src/lab1_1.c
Invoking: ARM v7 gcc compiler
arm-none-eabi-gcc -Wall -O0 -g3 -c -fmessage-length=0 -MT"src/lab1_1.o" -mcpu=cortex-a9 -mfpu=vfpv3 -mfloat-abi=hard -I../../lab1_bsp/ps7_cortexa9_0/include -MMD -MP -MF"src/lab1_1.d" -MT"src/lab1_1.o" -o "src/lab1_1.o" "../src/lab1_1.c"
../src/lab1_1.c:9:12: warning: 'iPinNumber' defined but not used [-Wunused-variable]
 static int iPinNumber = 7; /*Led LD9 on ZedBoard and LD4 on Zybo is connected to MIO pin 7*/
            ^~~~~~~~~~
../src/lab1_1.c:8:16: warning: 'psGpioInstancePtr' defined but not used [-Wunused-variable]
 static XGpioPs psGpioInstancePtr;
                ^~~~~~~~~~~~~~~~~
Finished building: ../src/lab1_1.c
 
Building target: lab1.elf
Invoking: ARM v7 gcc linker
arm-none-eabi-gcc -mcpu=cortex-a9 -mfpu=vfpv3 -mfloat-abi=hard -Wl,-build-id=none -specs=Xilinx.spec -Wl,-T -Wl,../src/lscript.ld -L../../lab1_bsp/ps7_cortexa9_0/lib -o "lab1.elf"  ./src/fsm.o ./src/lab1_1.o ./src/toggle.o   -Wl,--start-group,-lxil,-lgcc,-lc,--end-group
Finished building target: lab1.elf
 
Invoking: ARM v7 Print Size
arm-none-eabi-size lab1.elf  |tee "lab1.elf.size"
   text	   data	    bss	    dec	    hex	filename
  33228	   2204	  22712	  58144	   e320	lab1.elf
Finished building: lab1.elf.size
 
17:05:55 **** Auto Build of configuration Debug for project lab1 ****
make pre-build main-build 
a9-linaro-pre-build-step
 
Building file: ../src/toggle.c
Invoking: ARM v7 gcc compiler
arm-none-eabi-gcc -Wall -O0 -g3 -c -fmessage-length=0 -MT"src/toggle.o" -mcpu=cortex-a9 -mfpu=vfpv3 -mfloat-abi=hard -I../../lab1_bsp/ps7_cortexa9_0/include -MMD -MP -MF"src/toggle.d" -MT"src/toggle.o" -o "src/toggle.o" "../src/toggle.c"
../src/toggle.c: In function 'main':
../src/toggle.c:129:12: warning: passing argument 1 of 'fsm_init' from incompatible pointer type [-Wincompatible-pointer-types]
   fsm_init(&fsm_but, NOT_PRESSED, but_tt);
            ^
In file included from ../src/toggle.c:8:0:
../src/fsm.h:27:6: note: expected 'fsm_t * {aka struct fsm_t *}' but argument is of type 'fsm_button_t * {aka struct <anonymous> *}'
 void fsm_init (fsm_t* this, int state, fsm_trans_t* tt);
      ^~~~~~~~
../src/toggle.c:130:12: warning: passing argument 1 of 'fsm_init' from incompatible pointer type [-Wincompatible-pointer-types]
   fsm_init(&fsm_led, LED_ON, led_tt);
            ^
In file included from ../src/toggle.c:8:0:
../src/fsm.h:27:6: note: expected 'fsm_t * {aka struct fsm_t *}' but argument is of type 'fsm_led_t * {aka struct <anonymous> *}'
 void fsm_init (fsm_t* this, int state, fsm_trans_t* tt);
      ^~~~~~~~
../src/toggle.c:160:11: warning: passing argument 1 of 'led_off' from incompatible pointer type [-Wincompatible-pointer-types]
   led_off(&fsm_led);
           ^
../src/toggle.c:94:6: note: expected 'fsm_t * {aka struct fsm_t *}' but argument is of type 'fsm_led_t * {aka struct <anonymous> *}'
 void led_off (fsm_t* this) {
      ^~~~~~~
../src/toggle.c:161:18: warning: passing argument 1 of 'but_stable_off' from incompatible pointer type [-Wincompatible-pointer-types]
   but_stable_off(&fsm_but);
                  ^
../src/toggle.c:77:6: note: expected 'fsm_t * {aka struct fsm_t *}' but argument is of type 'fsm_button_t * {aka struct <anonymous> *}'
 void but_stable_off (fsm_t* this) {
      ^~~~~~~~~~~~~~
../src/toggle.c:166:15: warning: passing argument 1 of 'fsm_fire' from incompatible pointer type [-Wincompatible-pointer-types]
     fsm_fire (&fsm_but);
               ^
In file included from ../src/toggle.c:8:0:
../src/fsm.h:28:6: note: expected 'fsm_t * {aka struct fsm_t *}' but argument is of type 'fsm_button_t * {aka struct <anonymous> *}'
 void fsm_fire (fsm_t* this);
      ^~~~~~~~
../src/toggle.c:167:15: warning: passing argument 1 of 'fsm_fire' from incompatible pointer type [-Wincompatible-pointer-types]
     fsm_fire (&fsm_led);
               ^
In file included from ../src/toggle.c:8:0:
../src/fsm.h:28:6: note: expected 'fsm_t * {aka struct fsm_t *}' but argument is of type 'fsm_led_t * {aka struct <anonymous> *}'
 void fsm_fire (fsm_t* this);
      ^~~~~~~~
Finished building: ../src/toggle.c
 
Building target: lab1.elf
Invoking: ARM v7 gcc linker
arm-none-eabi-gcc -mcpu=cortex-a9 -mfpu=vfpv3 -mfloat-abi=hard -Wl,-build-id=none -specs=Xilinx.spec -Wl,-T -Wl,../src/lscript.ld -L../../lab1_bsp/ps7_cortexa9_0/lib -o "lab1.elf"  ./src/fsm.o ./src/lab1_1.o ./src/toggle.o   -Wl,--start-group,-lxil,-lgcc,-lc,--end-group
Finished building target: lab1.elf
 
Invoking: ARM v7 Print Size
arm-none-eabi-size lab1.elf  |tee "lab1.elf.size"
   text	   data	    bss	    dec	    hex	filename
  33228	   2204	  22712	  58144	   e320	lab1.elf
Finished building: lab1.elf.size
 
17:06:01 **** Incremental Build of configuration Debug for project lab1 ****
make pre-build main-build 
a9-linaro-pre-build-step
 
make: Für das Ziel „main-build“ ist nichts zu tun.
17:10:40 **** Auto Build of configuration Debug for project lab1 ****
make pre-build main-build 
a9-linaro-pre-build-step
 
Building file: ../src/toggle.c
Invoking: ARM v7 gcc compiler
arm-none-eabi-gcc -Wall -O0 -g3 -c -fmessage-length=0 -MT"src/toggle.o" -mcpu=cortex-a9 -mfpu=vfpv3 -mfloat-abi=hard -I../../lab1_bsp/ps7_cortexa9_0/include -MMD -MP -MF"src/toggle.d" -MT"src/toggle.o" -o "src/toggle.o" "../src/toggle.c"
../src/toggle.c: In function 'main':
../src/toggle.c:129:12: warning: passing argument 1 of 'fsm_init' from incompatible pointer type [-Wincompatible-pointer-types]
   fsm_init(&fsm_but, NOT_PRESSED, but_tt);
            ^
In file included from ../src/toggle.c:8:0:
../src/fsm.h:27:6: note: expected 'fsm_t * {aka struct fsm_t *}' but argument is of type 'fsm_button_t * {aka struct <anonymous> *}'
 void fsm_init (fsm_t* this, int state, fsm_trans_t* tt);
      ^~~~~~~~
../src/toggle.c:130:12: warning: passing argument 1 of 'fsm_init' from incompatible pointer type [-Wincompatible-pointer-types]
   fsm_init(&fsm_led, LED_OFF, led_tt);
            ^
In file included from ../src/toggle.c:8:0:
../src/fsm.h:27:6: note: expected 'fsm_t * {aka struct fsm_t *}' but argument is of type 'fsm_led_t * {aka struct <anonymous> *}'
 void fsm_init (fsm_t* this, int state, fsm_trans_t* tt);
      ^~~~~~~~
../src/toggle.c:160:11: warning: passing argument 1 of 'led_off' from incompatible pointer type [-Wincompatible-pointer-types]
   led_off(&fsm_led);
           ^
../src/toggle.c:94:6: note: expected 'fsm_t * {aka struct fsm_t *}' but argument is of type 'fsm_led_t * {aka struct <anonymous> *}'
 void led_off (fsm_t* this) {
      ^~~~~~~
../src/toggle.c:161:18: warning: passing argument 1 of 'but_stable_off' from incompatible pointer type [-Wincompatible-pointer-types]
   but_stable_off(&fsm_but);
                  ^
../src/toggle.c:77:6: note: expected 'fsm_t * {aka struct fsm_t *}' but argument is of type 'fsm_button_t * {aka struct <anonymous> *}'
 void but_stable_off (fsm_t* this) {
      ^~~~~~~~~~~~~~
../src/toggle.c:166:15: warning: passing argument 1 of 'fsm_fire' from incompatible pointer type [-Wincompatible-pointer-types]
     fsm_fire (&fsm_but);
               ^
In file included from ../src/toggle.c:8:0:
../src/fsm.h:28:6: note: expected 'fsm_t * {aka struct fsm_t *}' but argument is of type 'fsm_button_t * {aka struct <anonymous> *}'
 void fsm_fire (fsm_t* this);
      ^~~~~~~~
../src/toggle.c:167:15: warning: passing argument 1 of 'fsm_fire' from incompatible pointer type [-Wincompatible-pointer-types]
     fsm_fire (&fsm_led);
               ^
In file included from ../src/toggle.c:8:0:
../src/fsm.h:28:6: note: expected 'fsm_t * {aka struct fsm_t *}' but argument is of type 'fsm_led_t * {aka struct <anonymous> *}'
 void fsm_fire (fsm_t* this);
      ^~~~~~~~
Finished building: ../src/toggle.c
 
Building target: lab1.elf
Invoking: ARM v7 gcc linker
arm-none-eabi-gcc -mcpu=cortex-a9 -mfpu=vfpv3 -mfloat-abi=hard -Wl,-build-id=none -specs=Xilinx.spec -Wl,-T -Wl,../src/lscript.ld -L../../lab1_bsp/ps7_cortexa9_0/lib -o "lab1.elf"  ./src/fsm.o ./src/lab1_1.o ./src/toggle.o   -Wl,--start-group,-lxil,-lgcc,-lc,--end-group
Finished building target: lab1.elf
 
Invoking: ARM v7 Print Size
arm-none-eabi-size lab1.elf  |tee "lab1.elf.size"
   text	   data	    bss	    dec	    hex	filename
  33228	   2204	  22712	  58144	   e320	lab1.elf
Finished building: lab1.elf.size
 
17:10:50 **** Incremental Build of configuration Debug for project lab1 ****
make pre-build main-build 
a9-linaro-pre-build-step
 
make: Für das Ziel „main-build“ ist nichts zu tun.
17:17:33 **** Auto Build of configuration Debug for project lab1 ****
make pre-build main-build 
a9-linaro-pre-build-step
 
Building file: ../src/toggle.c
Invoking: ARM v7 gcc compiler
arm-none-eabi-gcc -Wall -O0 -g3 -c -fmessage-length=0 -MT"src/toggle.o" -mcpu=cortex-a9 -mfpu=vfpv3 -mfloat-abi=hard -I../../lab1_bsp/ps7_cortexa9_0/include -MMD -MP -MF"src/toggle.d" -MT"src/toggle.o" -o "src/toggle.o" "../src/toggle.c"
../src/toggle.c: In function 'main':
../src/toggle.c:129:12: warning: passing argument 1 of 'fsm_init' from incompatible pointer type [-Wincompatible-pointer-types]
   fsm_init(&fsm_but, NOT_PRESSED, but_tt);
            ^
In file included from ../src/toggle.c:8:0:
../src/fsm.h:27:6: note: expected 'fsm_t * {aka struct fsm_t *}' but argument is of type 'fsm_button_t * {aka struct <anonymous> *}'
 void fsm_init (fsm_t* this, int state, fsm_trans_t* tt);
      ^~~~~~~~
../src/toggle.c:130:12: warning: passing argument 1 of 'fsm_init' from incompatible pointer type [-Wincompatible-pointer-types]
   fsm_init(&fsm_led, LED_OFF, led_tt);
            ^
In file included from ../src/toggle.c:8:0:
../src/fsm.h:27:6: note: expected 'fsm_t * {aka struct fsm_t *}' but argument is of type 'fsm_led_t * {aka struct <anonymous> *}'
 void fsm_init (fsm_t* this, int state, fsm_trans_t* tt);
      ^~~~~~~~
../src/toggle.c:160:11: warning: passing argument 1 of 'led_off' from incompatible pointer type [-Wincompatible-pointer-types]
   led_off(&fsm_led);
           ^
../src/toggle.c:94:6: note: expected 'fsm_t * {aka struct fsm_t *}' but argument is of type 'fsm_led_t * {aka struct <anonymous> *}'
 void led_off (fsm_t* this) {
      ^~~~~~~
../src/toggle.c:161:18: warning: passing argument 1 of 'but_stable_off' from incompatible pointer type [-Wincompatible-pointer-types]
   but_stable_off(&fsm_but);
                  ^
../src/toggle.c:77:6: note: expected 'fsm_t * {aka struct fsm_t *}' but argument is of type 'fsm_button_t * {aka struct <anonymous> *}'
 void but_stable_off (fsm_t* this) {
      ^~~~~~~~~~~~~~
../src/toggle.c:164:15: warning: passing argument 1 of 'fsm_fire' from incompatible pointer type [-Wincompatible-pointer-types]
     fsm_fire (&fsm_but);
               ^
In file included from ../src/toggle.c:8:0:
../src/fsm.h:28:6: note: expected 'fsm_t * {aka struct fsm_t *}' but argument is of type 'fsm_button_t * {aka struct <anonymous> *}'
 void fsm_fire (fsm_t* this);
      ^~~~~~~~
../src/toggle.c:165:15: warning: passing argument 1 of 'fsm_fire' from incompatible pointer type [-Wincompatible-pointer-types]
     fsm_fire (&fsm_led);
               ^
In file included from ../src/toggle.c:8:0:
../src/fsm.h:28:6: note: expected 'fsm_t * {aka struct fsm_t *}' but argument is of type 'fsm_led_t * {aka struct <anonymous> *}'
 void fsm_fire (fsm_t* this);
      ^~~~~~~~
Finished building: ../src/toggle.c
 
Building target: lab1.elf
Invoking: ARM v7 gcc linker
arm-none-eabi-gcc -mcpu=cortex-a9 -mfpu=vfpv3 -mfloat-abi=hard -Wl,-build-id=none -specs=Xilinx.spec -Wl,-T -Wl,../src/lscript.ld -L../../lab1_bsp/ps7_cortexa9_0/lib -o "lab1.elf"  ./src/fsm.o ./src/lab1_1.o ./src/toggle.o   -Wl,--start-group,-lxil,-lgcc,-lc,--end-group
Finished building target: lab1.elf
 
Invoking: ARM v7 Print Size
arm-none-eabi-size lab1.elf  |tee "lab1.elf.size"
   text	   data	    bss	    dec	    hex	filename
  33164	   2204	  22712	  58080	   e2e0	lab1.elf
Finished building: lab1.elf.size
 
17:17:59 **** Incremental Build of configuration Debug for project lab1 ****
make pre-build main-build 
a9-linaro-pre-build-step
 
make: Für das Ziel „main-build“ ist nichts zu tun.
